[2021-04-28T16:33:20.646+0200][gc,heap] Heap region size: 1M
[2021-04-28T16:33:20.652+0200][gc     ] Using G1
[2021-04-28T16:33:20.652+0200][gc,heap,coops] Heap address: 0x00000000c0000000, size: 1024 MB, Compressed Oops mode: 32-bit
[2021-04-28T16:33:20.652+0200][gc,cds       ] Mark closed archive regions in map: [0x00000000fff00000, 0x00000000fff6aff8]
[2021-04-28T16:33:20.652+0200][gc,cds       ] Mark open archive regions in map: [0x00000000ffe00000, 0x00000000ffe46ff8]
[2021-04-28T16:33:21.306+0200][gc,start     ] GC(0) Pause Young (Normal) (G1 Evacuation Pause)
[2021-04-28T16:33:21.307+0200][gc,task      ] GC(0) Using 10 workers of 10 for evacuation
[2021-04-28T16:33:21.318+0200][gc,phases    ] GC(0)   Pre Evacuate Collection Set: 0.0ms
[2021-04-28T16:33:21.318+0200][gc,phases    ] GC(0)   Evacuate Collection Set: 10.1ms
[2021-04-28T16:33:21.318+0200][gc,phases    ] GC(0)   Post Evacuate Collection Set: 0.7ms
[2021-04-28T16:33:21.318+0200][gc,phases    ] GC(0)   Other: 1.5ms
[2021-04-28T16:33:21.318+0200][gc,heap      ] GC(0) Eden regions: 51->0(44)
[2021-04-28T16:33:21.318+0200][gc,heap      ] GC(0) Survivor regions: 0->7(7)
[2021-04-28T16:33:21.318+0200][gc,heap      ] GC(0) Old regions: 2->2
[2021-04-28T16:33:21.318+0200][gc,heap      ] GC(0) Humongous regions: 0->0
[2021-04-28T16:33:21.318+0200][gc,metaspace ] GC(0) Metaspace: 15701K->15701K(1062912K)
[2021-04-28T16:33:21.318+0200][gc           ] GC(0) Pause Young (Normal) (G1 Evacuation Pause) 51M->7M(1024M) 12.373ms
[2021-04-28T16:33:21.318+0200][gc,cpu       ] GC(0) User=0.00s Sys=0.10s Real=0.01s
[2021-04-28T16:33:21.487+0200][gc,start     ] GC(1) Pause Young (Concurrent Start) (Metadata GC Threshold)
[2021-04-28T16:33:21.487+0200][gc,task      ] GC(1) Using 10 workers of 10 for evacuation
[2021-04-28T16:33:21.495+0200][gc,phases    ] GC(1)   Pre Evacuate Collection Set: 0.0ms
[2021-04-28T16:33:21.495+0200][gc,phases    ] GC(1)   Evacuate Collection Set: 6.7ms
[2021-04-28T16:33:21.495+0200][gc,phases    ] GC(1)   Post Evacuate Collection Set: 0.7ms
[2021-04-28T16:33:21.495+0200][gc,phases    ] GC(1)   Other: 0.2ms
[2021-04-28T16:33:21.495+0200][gc,heap      ] GC(1) Eden regions: 20->0(50)
[2021-04-28T16:33:21.495+0200][gc,heap      ] GC(1) Survivor regions: 7->1(7)
[2021-04-28T16:33:21.495+0200][gc,heap      ] GC(1) Old regions: 2->9
[2021-04-28T16:33:21.495+0200][gc,heap      ] GC(1) Humongous regions: 0->0
[2021-04-28T16:33:21.495+0200][gc,metaspace ] GC(1) Metaspace: 20532K->20532K(1067008K)
[2021-04-28T16:33:21.495+0200][gc           ] GC(1) Pause Young (Concurrent Start) (Metadata GC Threshold) 26M->8M(1024M) 7.674ms
[2021-04-28T16:33:21.495+0200][gc,cpu       ] GC(1) User=0.04s Sys=0.02s Real=0.01s
[2021-04-28T16:33:21.495+0200][gc           ] GC(2) Concurrent Cycle
[2021-04-28T16:33:21.495+0200][gc,marking   ] GC(2) Concurrent Clear Claimed Marks
[2021-04-28T16:33:21.495+0200][gc,marking   ] GC(2) Concurrent Clear Claimed Marks 0.041ms
[2021-04-28T16:33:21.495+0200][gc,marking   ] GC(2) Concurrent Scan Root Regions
[2021-04-28T16:33:21.496+0200][gc,marking   ] GC(2) Concurrent Scan Root Regions 0.656ms
[2021-04-28T16:33:21.496+0200][gc,marking   ] GC(2) Concurrent Mark (0.852s)
[2021-04-28T16:33:21.496+0200][gc,marking   ] GC(2) Concurrent Mark From Roots
[2021-04-28T16:33:21.496+0200][gc,task      ] GC(2) Using 3 workers of 3 for marking
[2021-04-28T16:33:21.502+0200][gc,marking   ] GC(2) Concurrent Mark From Roots 6.771ms
[2021-04-28T16:33:21.502+0200][gc,marking   ] GC(2) Concurrent Preclean
[2021-04-28T16:33:21.502+0200][gc,marking   ] GC(2) Concurrent Preclean 0.098ms
[2021-04-28T16:33:21.502+0200][gc,marking   ] GC(2) Concurrent Mark (0.852s, 0.859s) 6.901ms
[2021-04-28T16:33:21.503+0200][gc,start     ] GC(2) Pause Remark
[2021-04-28T16:33:21.504+0200][gc,stringtable] GC(2) Cleaned string and symbol table, strings: 5045 processed, 0 removed, symbols: 49989 processed, 44 removed
[2021-04-28T16:33:21.504+0200][gc            ] GC(2) Pause Remark 9M->9M(1024M) 1.577ms
[2021-04-28T16:33:21.504+0200][gc,cpu        ] GC(2) User=0.01s Sys=0.00s Real=0.00s
[2021-04-28T16:33:21.504+0200][gc,marking    ] GC(2) Concurrent Rebuild Remembered Sets
[2021-04-28T16:33:21.506+0200][gc,marking    ] GC(2) Concurrent Rebuild Remembered Sets 1.664ms
[2021-04-28T16:33:21.507+0200][gc,start      ] GC(2) Pause Cleanup
[2021-04-28T16:33:21.507+0200][gc            ] GC(2) Pause Cleanup 10M->10M(1024M) 0.209ms
[2021-04-28T16:33:21.507+0200][gc,cpu        ] GC(2) User=0.01s Sys=0.00s Real=0.00s
[2021-04-28T16:33:21.507+0200][gc,marking    ] GC(2) Concurrent Cleanup for Next Mark
[2021-04-28T16:33:21.509+0200][gc,marking    ] GC(2) Concurrent Cleanup for Next Mark 2.195ms
[2021-04-28T16:33:21.509+0200][gc            ] GC(2) Concurrent Cycle 14.260ms
[2021-04-28T16:33:21.953+0200][gc,start      ] GC(3) Pause Young (Normal) (G1 Evacuation Pause)
[2021-04-28T16:33:21.953+0200][gc,task       ] GC(3) Using 10 workers of 10 for evacuation
[2021-04-28T16:33:21.956+0200][gc,phases     ] GC(3)   Pre Evacuate Collection Set: 0.0ms
[2021-04-28T16:33:21.956+0200][gc,phases     ] GC(3)   Evacuate Collection Set: 2.0ms
[2021-04-28T16:33:21.956+0200][gc,phases     ] GC(3)   Post Evacuate Collection Set: 0.6ms
[2021-04-28T16:33:21.956+0200][gc,phases     ] GC(3)   Other: 0.2ms
[2021-04-28T16:33:21.956+0200][gc,heap       ] GC(3) Eden regions: 50->0(46)
[2021-04-28T16:33:21.956+0200][gc,heap       ] GC(3) Survivor regions: 1->5(7)
[2021-04-28T16:33:21.956+0200][gc,heap       ] GC(3) Old regions: 9->9
[2021-04-28T16:33:21.956+0200][gc,heap       ] GC(3) Humongous regions: 129->129
[2021-04-28T16:33:21.956+0200][gc,metaspace  ] GC(3) Metaspace: 29628K->29628K(1077248K)
[2021-04-28T16:33:21.956+0200][gc            ] GC(3) Pause Young (Normal) (G1 Evacuation Pause) 187M->140M(1024M) 2.931ms
[2021-04-28T16:33:21.956+0200][gc,cpu        ] GC(3) User=0.01s Sys=0.00s Real=0.00s
[2021-04-28T16:33:59.967+0200][gc,start      ] GC(4) Pause Young (Concurrent Start) (Metadata GC Threshold)
[2021-04-28T16:33:59.967+0200][gc,task       ] GC(4) Using 10 workers of 10 for evacuation
[2021-04-28T16:33:59.974+0200][gc,phases     ] GC(4)   Pre Evacuate Collection Set: 0.1ms
[2021-04-28T16:33:59.974+0200][gc,phases     ] GC(4)   Evacuate Collection Set: 5.7ms
[2021-04-28T16:33:59.974+0200][gc,phases     ] GC(4)   Post Evacuate Collection Set: 0.6ms
[2021-04-28T16:33:59.974+0200][gc,phases     ] GC(4)   Other: 0.3ms
[2021-04-28T16:33:59.974+0200][gc,heap       ] GC(4) Eden regions: 23->0(49)
[2021-04-28T16:33:59.974+0200][gc,heap       ] GC(4) Survivor regions: 5->2(7)
[2021-04-28T16:33:59.974+0200][gc,heap       ] GC(4) Old regions: 9->14
[2021-04-28T16:33:59.974+0200][gc,heap       ] GC(4) Humongous regions: 129->129
[2021-04-28T16:33:59.974+0200][gc,metaspace  ] GC(4) Metaspace: 34562K->34562K(1081344K)
[2021-04-28T16:33:59.974+0200][gc            ] GC(4) Pause Young (Concurrent Start) (Metadata GC Threshold) 163M->142M(1024M) 6.718ms
[2021-04-28T16:33:59.974+0200][gc,cpu        ] GC(4) User=0.00s Sys=0.05s Real=0.01s
[2021-04-28T16:33:59.974+0200][gc            ] GC(5) Concurrent Cycle
[2021-04-28T16:33:59.974+0200][gc,marking    ] GC(5) Concurrent Clear Claimed Marks
[2021-04-28T16:33:59.974+0200][gc,marking    ] GC(5) Concurrent Clear Claimed Marks 0.090ms
[2021-04-28T16:33:59.974+0200][gc,marking    ] GC(5) Concurrent Scan Root Regions
[2021-04-28T16:33:59.975+0200][gc,marking    ] GC(5) Concurrent Scan Root Regions 0.729ms
[2021-04-28T16:33:59.975+0200][gc,marking    ] GC(5) Concurrent Mark (39.331s)
[2021-04-28T16:33:59.975+0200][gc,marking    ] GC(5) Concurrent Mark From Roots
[2021-04-28T16:33:59.975+0200][gc,task       ] GC(5) Using 3 workers of 3 for marking
[2021-04-28T16:33:59.980+0200][gc,marking    ] GC(5) Concurrent Mark From Roots 5.078ms
[2021-04-28T16:33:59.980+0200][gc,marking    ] GC(5) Concurrent Preclean
[2021-04-28T16:33:59.980+0200][gc,marking    ] GC(5) Concurrent Preclean 0.100ms
[2021-04-28T16:33:59.980+0200][gc,marking    ] GC(5) Concurrent Mark (39.331s, 39.336s) 5.215ms
[2021-04-28T16:33:59.980+0200][gc,start      ] GC(5) Pause Remark
[2021-04-28T16:33:59.982+0200][gc,stringtable] GC(5) Cleaned string and symbol table, strings: 10148 processed, 13 removed, symbols: 82331 processed, 19 removed
[2021-04-28T16:33:59.982+0200][gc            ] GC(5) Pause Remark 142M->142M(1024M) 1.679ms
[2021-04-28T16:33:59.982+0200][gc,cpu        ] GC(5) User=0.01s Sys=0.00s Real=0.01s
[2021-04-28T16:33:59.982+0200][gc,marking    ] GC(5) Concurrent Rebuild Remembered Sets
[2021-04-28T16:33:59.985+0200][gc,marking    ] GC(5) Concurrent Rebuild Remembered Sets 2.749ms
[2021-04-28T16:33:59.985+0200][gc,start      ] GC(5) Pause Cleanup
[2021-04-28T16:33:59.985+0200][gc            ] GC(5) Pause Cleanup 142M->142M(1024M) 0.244ms
[2021-04-28T16:33:59.985+0200][gc,cpu        ] GC(5) User=0.00s Sys=0.00s Real=0.00s
[2021-04-28T16:33:59.986+0200][gc,marking    ] GC(5) Concurrent Cleanup for Next Mark
[2021-04-28T16:33:59.987+0200][gc,marking    ] GC(5) Concurrent Cleanup for Next Mark 1.246ms
[2021-04-28T16:33:59.987+0200][gc            ] GC(5) Concurrent Cycle 12.715ms
[2021-04-28T16:42:11.918+0200][gc,start      ] GC(6) Pause Young (Normal) (G1 Evacuation Pause)
[2021-04-28T16:42:11.919+0200][gc,task       ] GC(6) Using 10 workers of 10 for evacuation
[2021-04-28T16:42:11.924+0200][gc,phases     ] GC(6)   Pre Evacuate Collection Set: 0.4ms
[2021-04-28T16:42:11.924+0200][gc,phases     ] GC(6)   Evacuate Collection Set: 3.8ms
[2021-04-28T16:42:11.924+0200][gc,phases     ] GC(6)   Post Evacuate Collection Set: 1.2ms
[2021-04-28T16:42:11.924+0200][gc,phases     ] GC(6)   Other: 0.4ms
[2021-04-28T16:42:11.924+0200][gc,heap       ] GC(6) Eden regions: 49->0(47)
[2021-04-28T16:42:11.924+0200][gc,heap       ] GC(6) Survivor regions: 2->4(7)
[2021-04-28T16:42:11.924+0200][gc,heap       ] GC(6) Old regions: 14->14
[2021-04-28T16:42:11.924+0200][gc,heap       ] GC(6) Humongous regions: 129->129
[2021-04-28T16:42:11.924+0200][gc,metaspace  ] GC(6) Metaspace: 39732K->39732K(1085440K)
[2021-04-28T16:42:11.924+0200][gc            ] GC(6) Pause Young (Normal) (G1 Evacuation Pause) 191M->144M(1024M) 5.861ms
[2021-04-28T16:42:11.924+0200][gc,cpu        ] GC(6) User=0.04s Sys=0.00s Real=0.01s
[2021-04-28T16:42:34.726+0200][gc,heap,exit  ] Heap
[2021-04-28T16:42:34.726+0200][gc,heap,exit  ]  garbage-first heap   total 1048576K, used 166354K [0x00000000c0000000, 0x0000000100000000)
[2021-04-28T16:42:34.726+0200][gc,heap,exit  ]   region size 1024K, 24 young (24576K), 4 survivors (4096K)
[2021-04-28T16:42:34.726+0200][gc,heap,exit  ]  Metaspace       used 42262K, capacity 44889K, committed 45052K, reserved 1087488K
[2021-04-28T16:42:34.726+0200][gc,heap,exit  ]   class space    used 5574K, capacity 6834K, committed 6912K, reserved 1048576K
