[2021-05-05T10:19:16.840+0200][gc,heap] Heap region size: 1M
[2021-05-05T10:19:16.846+0200][gc     ] Using G1
[2021-05-05T10:19:16.846+0200][gc,heap,coops] Heap address: 0x00000000c0000000, size: 1024 MB, Compressed Oops mode: 32-bit
[2021-05-05T10:19:16.847+0200][gc,cds       ] Mark closed archive regions in map: [0x00000000fff00000, 0x00000000fff6aff8]
[2021-05-05T10:19:16.847+0200][gc,cds       ] Mark open archive regions in map: [0x00000000ffe00000, 0x00000000ffe46ff8]
[2021-05-05T10:19:17.444+0200][gc,start     ] GC(0) Pause Young (Normal) (G1 Evacuation Pause)
[2021-05-05T10:19:17.445+0200][gc,task      ] GC(0) Using 10 workers of 10 for evacuation
[2021-05-05T10:19:17.454+0200][gc,phases    ] GC(0)   Pre Evacuate Collection Set: 0.0ms
[2021-05-05T10:19:17.454+0200][gc,phases    ] GC(0)   Evacuate Collection Set: 8.7ms
[2021-05-05T10:19:17.454+0200][gc,phases    ] GC(0)   Post Evacuate Collection Set: 0.6ms
[2021-05-05T10:19:17.454+0200][gc,phases    ] GC(0)   Other: 1.5ms
[2021-05-05T10:19:17.454+0200][gc,heap      ] GC(0) Eden regions: 51->0(44)
[2021-05-05T10:19:17.454+0200][gc,heap      ] GC(0) Survivor regions: 0->7(7)
[2021-05-05T10:19:17.454+0200][gc,heap      ] GC(0) Old regions: 2->2
[2021-05-05T10:19:17.455+0200][gc,heap      ] GC(0) Humongous regions: 0->0
[2021-05-05T10:19:17.455+0200][gc,metaspace ] GC(0) Metaspace: 15405K->15405K(1062912K)
[2021-05-05T10:19:17.455+0200][gc           ] GC(0) Pause Young (Normal) (G1 Evacuation Pause) 51M->7M(1024M) 10.932ms
[2021-05-05T10:19:17.455+0200][gc,cpu       ] GC(0) User=0.08s Sys=0.00s Real=0.01s
[2021-05-05T10:19:17.672+0200][gc,start     ] GC(1) Pause Young (Concurrent Start) (Metadata GC Threshold)
[2021-05-05T10:19:17.672+0200][gc,task      ] GC(1) Using 10 workers of 10 for evacuation
[2021-05-05T10:19:17.679+0200][gc,phases    ] GC(1)   Pre Evacuate Collection Set: 0.0ms
[2021-05-05T10:19:17.679+0200][gc,phases    ] GC(1)   Evacuate Collection Set: 5.9ms
[2021-05-05T10:19:17.679+0200][gc,phases    ] GC(1)   Post Evacuate Collection Set: 0.6ms
[2021-05-05T10:19:17.679+0200][gc,phases    ] GC(1)   Other: 0.2ms
[2021-05-05T10:19:17.679+0200][gc,heap      ] GC(1) Eden regions: 21->0(50)
[2021-05-05T10:19:17.679+0200][gc,heap      ] GC(1) Survivor regions: 7->1(7)
[2021-05-05T10:19:17.679+0200][gc,heap      ] GC(1) Old regions: 2->9
[2021-05-05T10:19:17.679+0200][gc,heap      ] GC(1) Humongous regions: 0->0
[2021-05-05T10:19:17.679+0200][gc,metaspace ] GC(1) Metaspace: 20511K->20511K(1067008K)
[2021-05-05T10:19:17.679+0200][gc           ] GC(1) Pause Young (Concurrent Start) (Metadata GC Threshold) 28M->8M(1024M) 6.791ms
[2021-05-05T10:19:17.679+0200][gc,cpu       ] GC(1) User=0.04s Sys=0.01s Real=0.00s
[2021-05-05T10:19:17.679+0200][gc           ] GC(2) Concurrent Cycle
[2021-05-05T10:19:17.679+0200][gc,marking   ] GC(2) Concurrent Clear Claimed Marks
[2021-05-05T10:19:17.679+0200][gc,marking   ] GC(2) Concurrent Clear Claimed Marks 0.034ms
[2021-05-05T10:19:17.679+0200][gc,marking   ] GC(2) Concurrent Scan Root Regions
[2021-05-05T10:19:17.680+0200][gc,marking   ] GC(2) Concurrent Scan Root Regions 0.662ms
[2021-05-05T10:19:17.680+0200][gc,marking   ] GC(2) Concurrent Mark (0.842s)
[2021-05-05T10:19:17.680+0200][gc,marking   ] GC(2) Concurrent Mark From Roots
[2021-05-05T10:19:17.680+0200][gc,task      ] GC(2) Using 3 workers of 3 for marking
[2021-05-05T10:19:17.686+0200][gc,marking   ] GC(2) Concurrent Mark From Roots 6.108ms
[2021-05-05T10:19:17.686+0200][gc,marking   ] GC(2) Concurrent Preclean
[2021-05-05T10:19:17.686+0200][gc,marking   ] GC(2) Concurrent Preclean 0.096ms
[2021-05-05T10:19:17.686+0200][gc,marking   ] GC(2) Concurrent Mark (0.842s, 0.848s) 6.236ms
[2021-05-05T10:19:17.686+0200][gc,start     ] GC(2) Pause Remark
[2021-05-05T10:19:17.687+0200][gc,stringtable] GC(2) Cleaned string and symbol table, strings: 5032 processed, 0 removed, symbols: 49934 processed, 44 removed
[2021-05-05T10:19:17.688+0200][gc            ] GC(2) Pause Remark 9M->9M(1024M) 1.442ms
[2021-05-05T10:19:17.688+0200][gc,cpu        ] GC(2) User=0.01s Sys=0.00s Real=0.00s
[2021-05-05T10:19:17.688+0200][gc,marking    ] GC(2) Concurrent Rebuild Remembered Sets
[2021-05-05T10:19:17.689+0200][gc,marking    ] GC(2) Concurrent Rebuild Remembered Sets 1.764ms
[2021-05-05T10:19:17.690+0200][gc,start      ] GC(2) Pause Cleanup
[2021-05-05T10:19:17.690+0200][gc            ] GC(2) Pause Cleanup 9M->9M(1024M) 0.237ms
[2021-05-05T10:19:17.690+0200][gc,cpu        ] GC(2) User=0.00s Sys=0.00s Real=0.00s
[2021-05-05T10:19:17.690+0200][gc,marking    ] GC(2) Concurrent Cleanup for Next Mark
[2021-05-05T10:19:17.692+0200][gc,marking    ] GC(2) Concurrent Cleanup for Next Mark 1.595ms
[2021-05-05T10:19:17.692+0200][gc            ] GC(2) Concurrent Cycle 12.683ms
[2021-05-05T10:19:18.365+0200][gc,start      ] GC(3) Pause Young (Normal) (G1 Evacuation Pause)
[2021-05-05T10:19:18.365+0200][gc,task       ] GC(3) Using 10 workers of 10 for evacuation
[2021-05-05T10:19:18.367+0200][gc,phases     ] GC(3)   Pre Evacuate Collection Set: 0.0ms
[2021-05-05T10:19:18.367+0200][gc,phases     ] GC(3)   Evacuate Collection Set: 1.7ms
[2021-05-05T10:19:18.367+0200][gc,phases     ] GC(3)   Post Evacuate Collection Set: 0.6ms
[2021-05-05T10:19:18.367+0200][gc,phases     ] GC(3)   Other: 0.1ms
[2021-05-05T10:19:18.367+0200][gc,heap       ] GC(3) Eden regions: 50->0(46)
[2021-05-05T10:19:18.367+0200][gc,heap       ] GC(3) Survivor regions: 1->5(7)
[2021-05-05T10:19:18.367+0200][gc,heap       ] GC(3) Old regions: 9->9
[2021-05-05T10:19:18.367+0200][gc,heap       ] GC(3) Humongous regions: 129->129
[2021-05-05T10:19:18.367+0200][gc,metaspace  ] GC(3) Metaspace: 29380K->29380K(1075200K)
[2021-05-05T10:19:18.367+0200][gc            ] GC(3) Pause Young (Normal) (G1 Evacuation Pause) 187M->140M(1024M) 2.440ms
[2021-05-05T10:19:18.367+0200][gc,cpu        ] GC(3) User=0.01s Sys=0.00s Real=0.00s
[2021-05-05T10:19:18.576+0200][gc,start      ] GC(4) Pause Young (Concurrent Start) (Metadata GC Threshold)
[2021-05-05T10:19:18.576+0200][gc,task       ] GC(4) Using 10 workers of 10 for evacuation
[2021-05-05T10:19:18.580+0200][gc,phases     ] GC(4)   Pre Evacuate Collection Set: 0.1ms
[2021-05-05T10:19:18.580+0200][gc,phases     ] GC(4)   Evacuate Collection Set: 3.7ms
[2021-05-05T10:19:18.580+0200][gc,phases     ] GC(4)   Post Evacuate Collection Set: 0.6ms
[2021-05-05T10:19:18.580+0200][gc,phases     ] GC(4)   Other: 0.3ms
[2021-05-05T10:19:18.580+0200][gc,heap       ] GC(4) Eden regions: 26->0(45)
[2021-05-05T10:19:18.580+0200][gc,heap       ] GC(4) Survivor regions: 5->6(7)
[2021-05-05T10:19:18.580+0200][gc,heap       ] GC(4) Old regions: 9->10
[2021-05-05T10:19:18.580+0200][gc,heap       ] GC(4) Humongous regions: 129->129
[2021-05-05T10:19:18.580+0200][gc,metaspace  ] GC(4) Metaspace: 34564K->34564K(1081344K)
[2021-05-05T10:19:18.580+0200][gc            ] GC(4) Pause Young (Concurrent Start) (Metadata GC Threshold) 166M->142M(1024M) 4.757ms
[2021-05-05T10:19:18.580+0200][gc,cpu        ] GC(4) User=0.05s Sys=0.00s Real=0.01s
[2021-05-05T10:19:18.580+0200][gc            ] GC(5) Concurrent Cycle
[2021-05-05T10:19:18.580+0200][gc,marking    ] GC(5) Concurrent Clear Claimed Marks
[2021-05-05T10:19:18.581+0200][gc,marking    ] GC(5) Concurrent Clear Claimed Marks 0.111ms
[2021-05-05T10:19:18.581+0200][gc,marking    ] GC(5) Concurrent Scan Root Regions
[2021-05-05T10:19:18.582+0200][gc,marking    ] GC(5) Concurrent Scan Root Regions 1.781ms
[2021-05-05T10:19:18.582+0200][gc,marking    ] GC(5) Concurrent Mark (1.745s)
[2021-05-05T10:19:18.582+0200][gc,marking    ] GC(5) Concurrent Mark From Roots
[2021-05-05T10:19:18.582+0200][gc,task       ] GC(5) Using 3 workers of 3 for marking
[2021-05-05T10:19:18.586+0200][gc,marking    ] GC(5) Concurrent Mark From Roots 4.068ms
[2021-05-05T10:19:18.587+0200][gc,marking    ] GC(5) Concurrent Preclean
[2021-05-05T10:19:18.587+0200][gc,marking    ] GC(5) Concurrent Preclean 0.102ms
[2021-05-05T10:19:18.587+0200][gc,marking    ] GC(5) Concurrent Mark (1.745s, 1.749s) 4.214ms
[2021-05-05T10:19:18.587+0200][gc,start      ] GC(5) Pause Remark
[2021-05-05T10:19:18.589+0200][gc,stringtable] GC(5) Cleaned string and symbol table, strings: 10238 processed, 12 removed, symbols: 82449 processed, 19 removed
[2021-05-05T10:19:18.589+0200][gc            ] GC(5) Pause Remark 143M->143M(1024M) 1.764ms
[2021-05-05T10:19:18.589+0200][gc,cpu        ] GC(5) User=0.01s Sys=0.00s Real=0.00s
[2021-05-05T10:19:18.589+0200][gc,marking    ] GC(5) Concurrent Rebuild Remembered Sets
[2021-05-05T10:19:18.593+0200][gc,marking    ] GC(5) Concurrent Rebuild Remembered Sets 4.201ms
[2021-05-05T10:19:18.594+0200][gc,start      ] GC(5) Pause Cleanup
[2021-05-05T10:19:18.594+0200][gc            ] GC(5) Pause Cleanup 143M->143M(1024M) 0.281ms
[2021-05-05T10:19:18.594+0200][gc,cpu        ] GC(5) User=0.00s Sys=0.00s Real=0.00s
[2021-05-05T10:19:18.594+0200][gc,marking    ] GC(5) Concurrent Cleanup for Next Mark
[2021-05-05T10:19:18.596+0200][gc,marking    ] GC(5) Concurrent Cleanup for Next Mark 1.555ms
[2021-05-05T10:19:18.596+0200][gc            ] GC(5) Concurrent Cycle 15.302ms
[2021-05-05T10:37:13.795+0200][gc,start      ] GC(6) Pause Young (Concurrent Start) (G1 Evacuation Pause)
[2021-05-05T10:37:13.795+0200][gc,task       ] GC(6) Using 10 workers of 10 for evacuation
[2021-05-05T10:37:13.804+0200][gc,phases     ] GC(6)   Pre Evacuate Collection Set: 0.4ms
[2021-05-05T10:37:13.804+0200][gc,phases     ] GC(6)   Evacuate Collection Set: 6.4ms
[2021-05-05T10:37:13.804+0200][gc,phases     ] GC(6)   Post Evacuate Collection Set: 0.7ms
[2021-05-05T10:37:13.804+0200][gc,phases     ] GC(6)   Other: 0.9ms
[2021-05-05T10:37:13.804+0200][gc,heap       ] GC(6) Eden regions: 45->0(47)
[2021-05-05T10:37:13.804+0200][gc,heap       ] GC(6) Survivor regions: 6->4(7)
[2021-05-05T10:37:13.804+0200][gc,heap       ] GC(6) Old regions: 10->13
[2021-05-05T10:37:13.804+0200][gc,heap       ] GC(6) Humongous regions: 159->129
[2021-05-05T10:37:13.804+0200][gc,metaspace  ] GC(6) Metaspace: 39758K->39758K(1085440K)
[2021-05-05T10:37:13.804+0200][gc            ] GC(6) Pause Young (Concurrent Start) (G1 Evacuation Pause) 217M->144M(1024M) 8.552ms
[2021-05-05T10:37:13.804+0200][gc,cpu        ] GC(6) User=0.04s Sys=0.01s Real=0.01s
[2021-05-05T10:37:13.804+0200][gc            ] GC(7) Concurrent Cycle
[2021-05-05T10:37:13.804+0200][gc,marking    ] GC(7) Concurrent Clear Claimed Marks
[2021-05-05T10:37:13.804+0200][gc,marking    ] GC(7) Concurrent Clear Claimed Marks 0.136ms
[2021-05-05T10:37:13.804+0200][gc,marking    ] GC(7) Concurrent Scan Root Regions
[2021-05-05T10:37:13.805+0200][gc,marking    ] GC(7) Concurrent Scan Root Regions 0.964ms
[2021-05-05T10:37:13.805+0200][gc,marking    ] GC(7) Concurrent Mark (1076.967s)
[2021-05-05T10:37:13.805+0200][gc,marking    ] GC(7) Concurrent Mark From Roots
[2021-05-05T10:37:13.805+0200][gc,task       ] GC(7) Using 3 workers of 3 for marking
[2021-05-05T10:37:13.809+0200][gc,marking    ] GC(7) Concurrent Mark From Roots 4.115ms
[2021-05-05T10:37:13.809+0200][gc,marking    ] GC(7) Concurrent Preclean
[2021-05-05T10:37:13.809+0200][gc,marking    ] GC(7) Concurrent Preclean 0.149ms
[2021-05-05T10:37:13.809+0200][gc,marking    ] GC(7) Concurrent Mark (1076.967s, 1076.972s) 4.291ms
[2021-05-05T10:37:13.810+0200][gc,start      ] GC(7) Pause Remark
[2021-05-05T10:37:13.813+0200][gc,stringtable] GC(7) Cleaned string and symbol table, strings: 11346 processed, 310 removed, symbols: 86765 processed, 3 removed
[2021-05-05T10:37:13.814+0200][gc            ] GC(7) Pause Remark 144M->144M(1024M) 3.939ms
[2021-05-05T10:37:13.814+0200][gc,cpu        ] GC(7) User=0.02s Sys=0.00s Real=0.01s
[2021-05-05T10:37:13.814+0200][gc,marking    ] GC(7) Concurrent Rebuild Remembered Sets
[2021-05-05T10:37:13.817+0200][gc,marking    ] GC(7) Concurrent Rebuild Remembered Sets 2.823ms
[2021-05-05T10:37:13.817+0200][gc,start      ] GC(7) Pause Cleanup
[2021-05-05T10:37:13.817+0200][gc            ] GC(7) Pause Cleanup 144M->144M(1024M) 0.171ms
[2021-05-05T10:37:13.817+0200][gc,cpu        ] GC(7) User=0.00s Sys=0.00s Real=0.00s
[2021-05-05T10:37:13.817+0200][gc,marking    ] GC(7) Concurrent Cleanup for Next Mark
[2021-05-05T10:37:13.818+0200][gc,marking    ] GC(7) Concurrent Cleanup for Next Mark 0.510ms
[2021-05-05T10:37:13.818+0200][gc            ] GC(7) Concurrent Cycle 13.654ms
[2021-05-05T11:25:58.794+0200][gc,start      ] GC(8) Pause Young (Normal) (G1 Evacuation Pause)
[2021-05-05T11:25:58.794+0200][gc,task       ] GC(8) Using 10 workers of 10 for evacuation
[2021-05-05T11:25:58.797+0200][gc,phases     ] GC(8)   Pre Evacuate Collection Set: 0.0ms
[2021-05-05T11:25:58.797+0200][gc,phases     ] GC(8)   Evacuate Collection Set: 1.8ms
[2021-05-05T11:25:58.797+0200][gc,phases     ] GC(8)   Post Evacuate Collection Set: 0.8ms
[2021-05-05T11:25:58.797+0200][gc,phases     ] GC(8)   Other: 0.1ms
[2021-05-05T11:25:58.797+0200][gc,heap       ] GC(8) Eden regions: 47->0(47)
[2021-05-05T11:25:58.797+0200][gc,heap       ] GC(8) Survivor regions: 4->4(7)
[2021-05-05T11:25:58.797+0200][gc,heap       ] GC(8) Old regions: 13->13
[2021-05-05T11:25:58.797+0200][gc,heap       ] GC(8) Humongous regions: 129->129
[2021-05-05T11:25:58.797+0200][gc,metaspace  ] GC(8) Metaspace: 39960K->39960K(1085440K)
[2021-05-05T11:25:58.797+0200][gc            ] GC(8) Pause Young (Normal) (G1 Evacuation Pause) 191M->143M(1024M) 2.798ms
[2021-05-05T11:25:58.797+0200][gc,cpu        ] GC(8) User=0.02s Sys=0.00s Real=0.00s
[2021-05-05T12:17:18.576+0200][gc,start      ] GC(9) Pause Young (Normal) (G1 Evacuation Pause)
[2021-05-05T12:17:18.576+0200][gc,task       ] GC(9) Using 10 workers of 10 for evacuation
[2021-05-05T12:17:18.578+0200][gc,phases     ] GC(9)   Pre Evacuate Collection Set: 0.0ms
[2021-05-05T12:17:18.578+0200][gc,phases     ] GC(9)   Evacuate Collection Set: 1.5ms
[2021-05-05T12:17:18.578+0200][gc,phases     ] GC(9)   Post Evacuate Collection Set: 0.9ms
[2021-05-05T12:17:18.578+0200][gc,phases     ] GC(9)   Other: 0.2ms
[2021-05-05T12:17:18.578+0200][gc,heap       ] GC(9) Eden regions: 47->0(47)
[2021-05-05T12:17:18.578+0200][gc,heap       ] GC(9) Survivor regions: 4->4(7)
[2021-05-05T12:17:18.578+0200][gc,heap       ] GC(9) Old regions: 13->13
[2021-05-05T12:17:18.578+0200][gc,heap       ] GC(9) Humongous regions: 129->129
[2021-05-05T12:17:18.578+0200][gc,metaspace  ] GC(9) Metaspace: 40034K->40034K(1085440K)
[2021-05-05T12:17:18.578+0200][gc            ] GC(9) Pause Young (Normal) (G1 Evacuation Pause) 190M->143M(1024M) 2.652ms
[2021-05-05T12:17:18.578+0200][gc,cpu        ] GC(9) User=0.01s Sys=0.01s Real=0.00s
