[2021-05-05T13:40:55.432+0200][gc,heap] Heap region size: 1M
[2021-05-05T13:40:55.437+0200][gc     ] Using G1
[2021-05-05T13:40:55.437+0200][gc,heap,coops] Heap address: 0x00000000c0000000, size: 1024 MB, Compressed Oops mode: 32-bit
[2021-05-05T13:40:55.438+0200][gc,cds       ] Mark closed archive regions in map: [0x00000000fff00000, 0x00000000fff6aff8]
[2021-05-05T13:40:55.438+0200][gc,cds       ] Mark open archive regions in map: [0x00000000ffe00000, 0x00000000ffe46ff8]
[2021-05-05T13:40:56.065+0200][gc,start     ] GC(0) Pause Young (Normal) (G1 Evacuation Pause)
[2021-05-05T13:40:56.067+0200][gc,task      ] GC(0) Using 10 workers of 10 for evacuation
[2021-05-05T13:40:56.077+0200][gc,phases    ] GC(0)   Pre Evacuate Collection Set: 0.0ms
[2021-05-05T13:40:56.077+0200][gc,phases    ] GC(0)   Evacuate Collection Set: 9.4ms
[2021-05-05T13:40:56.077+0200][gc,phases    ] GC(0)   Post Evacuate Collection Set: 0.6ms
[2021-05-05T13:40:56.077+0200][gc,phases    ] GC(0)   Other: 1.6ms
[2021-05-05T13:40:56.077+0200][gc,heap      ] GC(0) Eden regions: 51->0(44)
[2021-05-05T13:40:56.077+0200][gc,heap      ] GC(0) Survivor regions: 0->7(7)
[2021-05-05T13:40:56.077+0200][gc,heap      ] GC(0) Old regions: 2->2
[2021-05-05T13:40:56.077+0200][gc,heap      ] GC(0) Humongous regions: 0->0
[2021-05-05T13:40:56.077+0200][gc,metaspace ] GC(0) Metaspace: 15432K->15432K(1062912K)
[2021-05-05T13:40:56.077+0200][gc           ] GC(0) Pause Young (Normal) (G1 Evacuation Pause) 51M->7M(1024M) 11.674ms
[2021-05-05T13:40:56.077+0200][gc,cpu       ] GC(0) User=0.08s Sys=0.01s Real=0.01s
[2021-05-05T13:40:56.364+0200][gc,start     ] GC(1) Pause Young (Concurrent Start) (Metadata GC Threshold)
[2021-05-05T13:40:56.364+0200][gc,task      ] GC(1) Using 10 workers of 10 for evacuation
[2021-05-05T13:40:56.372+0200][gc,phases    ] GC(1)   Pre Evacuate Collection Set: 0.0ms
[2021-05-05T13:40:56.372+0200][gc,phases    ] GC(1)   Evacuate Collection Set: 7.1ms
[2021-05-05T13:40:56.372+0200][gc,phases    ] GC(1)   Post Evacuate Collection Set: 0.6ms
[2021-05-05T13:40:56.372+0200][gc,phases    ] GC(1)   Other: 0.2ms
[2021-05-05T13:40:56.372+0200][gc,heap      ] GC(1) Eden regions: 21->0(49)
[2021-05-05T13:40:56.372+0200][gc,heap      ] GC(1) Survivor regions: 7->2(7)
[2021-05-05T13:40:56.372+0200][gc,heap      ] GC(1) Old regions: 2->9
[2021-05-05T13:40:56.372+0200][gc,heap      ] GC(1) Humongous regions: 0->0
[2021-05-05T13:40:56.372+0200][gc,metaspace ] GC(1) Metaspace: 20531K->20531K(1067008K)
[2021-05-05T13:40:56.372+0200][gc           ] GC(1) Pause Young (Concurrent Start) (Metadata GC Threshold) 28M->8M(1024M) 8.013ms
[2021-05-05T13:40:56.372+0200][gc,cpu       ] GC(1) User=0.05s Sys=0.00s Real=0.01s
[2021-05-05T13:40:56.372+0200][gc           ] GC(2) Concurrent Cycle
[2021-05-05T13:40:56.372+0200][gc,marking   ] GC(2) Concurrent Clear Claimed Marks
[2021-05-05T13:40:56.372+0200][gc,marking   ] GC(2) Concurrent Clear Claimed Marks 0.040ms
[2021-05-05T13:40:56.372+0200][gc,marking   ] GC(2) Concurrent Scan Root Regions
[2021-05-05T13:40:56.373+0200][gc,marking   ] GC(2) Concurrent Scan Root Regions 0.896ms
[2021-05-05T13:40:56.373+0200][gc,marking   ] GC(2) Concurrent Mark (0.944s)
[2021-05-05T13:40:56.373+0200][gc,marking   ] GC(2) Concurrent Mark From Roots
[2021-05-05T13:40:56.373+0200][gc,task      ] GC(2) Using 3 workers of 3 for marking
[2021-05-05T13:40:56.379+0200][gc,marking   ] GC(2) Concurrent Mark From Roots 5.889ms
[2021-05-05T13:40:56.379+0200][gc,marking   ] GC(2) Concurrent Preclean
[2021-05-05T13:40:56.379+0200][gc,marking   ] GC(2) Concurrent Preclean 0.100ms
[2021-05-05T13:40:56.379+0200][gc,marking   ] GC(2) Concurrent Mark (0.944s, 0.950s) 6.027ms
[2021-05-05T13:40:56.380+0200][gc,start     ] GC(2) Pause Remark
[2021-05-05T13:40:56.381+0200][gc,stringtable] GC(2) Cleaned string and symbol table, strings: 5033 processed, 0 removed, symbols: 49934 processed, 44 removed
[2021-05-05T13:40:56.381+0200][gc            ] GC(2) Pause Remark 9M->9M(1024M) 1.877ms
[2021-05-05T13:40:56.381+0200][gc,cpu        ] GC(2) User=0.00s Sys=0.01s Real=0.01s
[2021-05-05T13:40:56.382+0200][gc,marking    ] GC(2) Concurrent Rebuild Remembered Sets
[2021-05-05T13:40:56.384+0200][gc,marking    ] GC(2) Concurrent Rebuild Remembered Sets 2.079ms
[2021-05-05T13:40:56.384+0200][gc,start      ] GC(2) Pause Cleanup
[2021-05-05T13:40:56.384+0200][gc            ] GC(2) Pause Cleanup 9M->9M(1024M) 0.247ms
[2021-05-05T13:40:56.384+0200][gc,cpu        ] GC(2) User=0.00s Sys=0.00s Real=0.00s
[2021-05-05T13:40:56.384+0200][gc,marking    ] GC(2) Concurrent Cleanup for Next Mark
[2021-05-05T13:40:56.386+0200][gc,marking    ] GC(2) Concurrent Cleanup for Next Mark 1.374ms
[2021-05-05T13:40:56.386+0200][gc            ] GC(2) Concurrent Cycle 13.200ms
[2021-05-05T13:40:56.971+0200][gc,start      ] GC(3) Pause Young (Normal) (G1 Evacuation Pause)
[2021-05-05T13:40:56.971+0200][gc,task       ] GC(3) Using 10 workers of 10 for evacuation
[2021-05-05T13:40:56.974+0200][gc,phases     ] GC(3)   Pre Evacuate Collection Set: 0.0ms
[2021-05-05T13:40:56.974+0200][gc,phases     ] GC(3)   Evacuate Collection Set: 1.9ms
[2021-05-05T13:40:56.974+0200][gc,phases     ] GC(3)   Post Evacuate Collection Set: 0.7ms
[2021-05-05T13:40:56.974+0200][gc,phases     ] GC(3)   Other: 0.2ms
[2021-05-05T13:40:56.974+0200][gc,heap       ] GC(3) Eden regions: 49->0(46)
[2021-05-05T13:40:56.974+0200][gc,heap       ] GC(3) Survivor regions: 2->5(7)
[2021-05-05T13:40:56.974+0200][gc,heap       ] GC(3) Old regions: 9->9
[2021-05-05T13:40:56.974+0200][gc,heap       ] GC(3) Humongous regions: 129->129
[2021-05-05T13:40:56.974+0200][gc,metaspace  ] GC(3) Metaspace: 29218K->29218K(1075200K)
[2021-05-05T13:40:56.974+0200][gc            ] GC(3) Pause Young (Normal) (G1 Evacuation Pause) 186M->140M(1024M) 2.883ms
[2021-05-05T13:40:56.974+0200][gc,cpu        ] GC(3) User=0.02s Sys=0.00s Real=0.01s
[2021-05-05T13:40:57.214+0200][gc,start      ] GC(4) Pause Young (Concurrent Start) (Metadata GC Threshold)
[2021-05-05T13:40:57.214+0200][gc,task       ] GC(4) Using 10 workers of 10 for evacuation
[2021-05-05T13:40:57.218+0200][gc,phases     ] GC(4)   Pre Evacuate Collection Set: 0.1ms
[2021-05-05T13:40:57.218+0200][gc,phases     ] GC(4)   Evacuate Collection Set: 3.3ms
[2021-05-05T13:40:57.218+0200][gc,phases     ] GC(4)   Post Evacuate Collection Set: 0.7ms
[2021-05-05T13:40:57.218+0200][gc,phases     ] GC(4)   Other: 0.2ms
[2021-05-05T13:40:57.218+0200][gc,heap       ] GC(4) Eden regions: 26->0(44)
[2021-05-05T13:40:57.218+0200][gc,heap       ] GC(4) Survivor regions: 5->7(7)
[2021-05-05T13:40:57.218+0200][gc,heap       ] GC(4) Old regions: 9->10
[2021-05-05T13:40:57.218+0200][gc,heap       ] GC(4) Humongous regions: 129->129
[2021-05-05T13:40:57.218+0200][gc,metaspace  ] GC(4) Metaspace: 34483K->34483K(1081344K)
[2021-05-05T13:40:57.218+0200][gc            ] GC(4) Pause Young (Concurrent Start) (Metadata GC Threshold) 165M->142M(1024M) 4.336ms
[2021-05-05T13:40:57.218+0200][gc,cpu        ] GC(4) User=0.03s Sys=0.00s Real=0.00s
[2021-05-05T13:40:57.218+0200][gc            ] GC(5) Concurrent Cycle
[2021-05-05T13:40:57.218+0200][gc,marking    ] GC(5) Concurrent Clear Claimed Marks
[2021-05-05T13:40:57.218+0200][gc,marking    ] GC(5) Concurrent Clear Claimed Marks 0.078ms
[2021-05-05T13:40:57.218+0200][gc,marking    ] GC(5) Concurrent Scan Root Regions
[2021-05-05T13:40:57.220+0200][gc,marking    ] GC(5) Concurrent Scan Root Regions 1.571ms
[2021-05-05T13:40:57.220+0200][gc,marking    ] GC(5) Concurrent Mark (1.790s)
[2021-05-05T13:40:57.220+0200][gc,marking    ] GC(5) Concurrent Mark From Roots
[2021-05-05T13:40:57.220+0200][gc,task       ] GC(5) Using 3 workers of 3 for marking
[2021-05-05T13:40:57.224+0200][gc,marking    ] GC(5) Concurrent Mark From Roots 4.149ms
[2021-05-05T13:40:57.224+0200][gc,marking    ] GC(5) Concurrent Preclean
[2021-05-05T13:40:57.224+0200][gc,marking    ] GC(5) Concurrent Preclean 0.129ms
[2021-05-05T13:40:57.224+0200][gc,marking    ] GC(5) Concurrent Mark (1.790s, 1.794s) 4.337ms
[2021-05-05T13:40:57.225+0200][gc,start      ] GC(5) Pause Remark
[2021-05-05T13:40:57.226+0200][gc,stringtable] GC(5) Cleaned string and symbol table, strings: 10272 processed, 12 removed, symbols: 82427 processed, 17 removed
[2021-05-05T13:40:57.227+0200][gc            ] GC(5) Pause Remark 143M->143M(1024M) 2.145ms
[2021-05-05T13:40:57.227+0200][gc,cpu        ] GC(5) User=0.01s Sys=0.00s Real=0.00s
[2021-05-05T13:40:57.227+0200][gc,marking    ] GC(5) Concurrent Rebuild Remembered Sets
[2021-05-05T13:40:57.230+0200][gc,marking    ] GC(5) Concurrent Rebuild Remembered Sets 3.436ms
[2021-05-05T13:40:57.231+0200][gc,start      ] GC(5) Pause Cleanup
[2021-05-05T13:40:57.231+0200][gc            ] GC(5) Pause Cleanup 144M->144M(1024M) 0.339ms
[2021-05-05T13:40:57.231+0200][gc,cpu        ] GC(5) User=0.00s Sys=0.00s Real=0.00s
[2021-05-05T13:40:57.231+0200][gc,marking    ] GC(5) Concurrent Cleanup for Next Mark
[2021-05-05T13:40:57.234+0200][gc,marking    ] GC(5) Concurrent Cleanup for Next Mark 2.752ms
[2021-05-05T13:40:57.234+0200][gc            ] GC(5) Concurrent Cycle 15.798ms
[2021-05-05T13:46:11.794+0200][gc,start      ] GC(6) Pause Young (Normal) (G1 Evacuation Pause)
[2021-05-05T13:46:11.794+0200][gc,task       ] GC(6) Using 10 workers of 10 for evacuation
[2021-05-05T13:46:11.798+0200][gc,phases     ] GC(6)   Pre Evacuate Collection Set: 0.0ms
[2021-05-05T13:46:11.798+0200][gc,phases     ] GC(6)   Evacuate Collection Set: 3.9ms
[2021-05-05T13:46:11.798+0200][gc,phases     ] GC(6)   Post Evacuate Collection Set: 0.7ms
[2021-05-05T13:46:11.798+0200][gc,phases     ] GC(6)   Other: 0.2ms
[2021-05-05T13:46:11.798+0200][gc,heap       ] GC(6) Eden regions: 44->0(47)
[2021-05-05T13:46:11.798+0200][gc,heap       ] GC(6) Survivor regions: 7->4(7)
[2021-05-05T13:46:11.798+0200][gc,heap       ] GC(6) Old regions: 10->13
[2021-05-05T13:46:11.798+0200][gc,heap       ] GC(6) Humongous regions: 135->129
[2021-05-05T13:46:11.798+0200][gc,metaspace  ] GC(6) Metaspace: 40827K->40827K(1085440K)
[2021-05-05T13:46:11.798+0200][gc            ] GC(6) Pause Young (Normal) (G1 Evacuation Pause) 192M->144M(1024M) 4.873ms
[2021-05-05T13:46:11.798+0200][gc,cpu        ] GC(6) User=0.04s Sys=0.00s Real=0.00s
[2021-05-05T14:10:42.370+0200][gc,start      ] GC(7) Pause Young (Normal) (G1 Evacuation Pause)
[2021-05-05T14:10:42.370+0200][gc,task       ] GC(7) Using 10 workers of 10 for evacuation
[2021-05-05T14:10:42.372+0200][gc,phases     ] GC(7)   Pre Evacuate Collection Set: 0.0ms
[2021-05-05T14:10:42.372+0200][gc,phases     ] GC(7)   Evacuate Collection Set: 1.4ms
[2021-05-05T14:10:42.372+0200][gc,phases     ] GC(7)   Post Evacuate Collection Set: 0.7ms
[2021-05-05T14:10:42.372+0200][gc,phases     ] GC(7)   Other: 0.2ms
[2021-05-05T14:10:42.372+0200][gc,heap       ] GC(7) Eden regions: 47->0(47)
[2021-05-05T14:10:42.372+0200][gc,heap       ] GC(7) Survivor regions: 4->4(7)
[2021-05-05T14:10:42.372+0200][gc,heap       ] GC(7) Old regions: 13->13
[2021-05-05T14:10:42.372+0200][gc,heap       ] GC(7) Humongous regions: 129->129
[2021-05-05T14:10:42.372+0200][gc,metaspace  ] GC(7) Metaspace: 41055K->41055K(1087488K)
[2021-05-05T14:10:42.372+0200][gc            ] GC(7) Pause Young (Normal) (G1 Evacuation Pause) 191M->144M(1024M) 2.441ms
[2021-05-05T14:10:42.372+0200][gc,cpu        ] GC(7) User=0.01s Sys=0.00s Real=0.01s
[2021-05-05T14:55:19.673+0200][gc,start      ] GC(8) Pause Young (Normal) (G1 Evacuation Pause)
[2021-05-05T14:55:19.673+0200][gc,task       ] GC(8) Using 10 workers of 10 for evacuation
[2021-05-05T14:55:19.680+0200][gc,phases     ] GC(8)   Pre Evacuate Collection Set: 0.0ms
[2021-05-05T14:55:19.680+0200][gc,phases     ] GC(8)   Evacuate Collection Set: 5.2ms
[2021-05-05T14:55:19.680+0200][gc,phases     ] GC(8)   Post Evacuate Collection Set: 1.0ms
[2021-05-05T14:55:19.680+0200][gc,phases     ] GC(8)   Other: 0.5ms
[2021-05-05T14:55:19.680+0200][gc,heap       ] GC(8) Eden regions: 47->0(47)
[2021-05-05T14:55:19.680+0200][gc,heap       ] GC(8) Survivor regions: 4->4(7)
[2021-05-05T14:55:19.680+0200][gc,heap       ] GC(8) Old regions: 13->13
[2021-05-05T14:55:19.680+0200][gc,heap       ] GC(8) Humongous regions: 129->129
[2021-05-05T14:55:19.680+0200][gc,metaspace  ] GC(8) Metaspace: 41414K->41414K(1087488K)
[2021-05-05T14:55:19.680+0200][gc            ] GC(8) Pause Young (Normal) (G1 Evacuation Pause) 191M->143M(1024M) 6.756ms
[2021-05-05T14:55:19.680+0200][gc,cpu        ] GC(8) User=0.06s Sys=0.00s Real=0.01s
[2021-05-05T15:23:24.181+0200][gc,start      ] GC(9) Pause Young (Normal) (G1 Evacuation Pause)
[2021-05-05T15:23:24.182+0200][gc,task       ] GC(9) Using 10 workers of 10 for evacuation
[2021-05-05T15:23:24.184+0200][gc,phases     ] GC(9)   Pre Evacuate Collection Set: 0.0ms
[2021-05-05T15:23:24.184+0200][gc,phases     ] GC(9)   Evacuate Collection Set: 1.8ms
[2021-05-05T15:23:24.184+0200][gc,phases     ] GC(9)   Post Evacuate Collection Set: 0.8ms
[2021-05-05T15:23:24.184+0200][gc,phases     ] GC(9)   Other: 0.1ms
[2021-05-05T15:23:24.184+0200][gc,heap       ] GC(9) Eden regions: 47->0(49)
[2021-05-05T15:23:24.184+0200][gc,heap       ] GC(9) Survivor regions: 4->4(7)
[2021-05-05T15:23:24.184+0200][gc,heap       ] GC(9) Old regions: 13->13
[2021-05-05T15:23:24.184+0200][gc,heap       ] GC(9) Humongous regions: 129->129
[2021-05-05T15:23:24.184+0200][gc,metaspace  ] GC(9) Metaspace: 41535K->41535K(1087488K)
[2021-05-05T15:23:24.184+0200][gc            ] GC(9) Pause Young (Normal) (G1 Evacuation Pause) 190M->143M(1024M) 2.889ms
[2021-05-05T15:23:24.184+0200][gc,cpu        ] GC(9) User=0.02s Sys=0.00s Real=0.00s
[2021-05-05T15:53:00.197+0200][gc,start      ] GC(10) Pause Young (Normal) (G1 Evacuation Pause)
[2021-05-05T15:53:00.197+0200][gc,task       ] GC(10) Using 10 workers of 10 for evacuation
[2021-05-05T15:53:00.204+0200][gc,phases     ] GC(10)   Pre Evacuate Collection Set: 0.0ms
[2021-05-05T15:53:00.204+0200][gc,phases     ] GC(10)   Evacuate Collection Set: 5.8ms
[2021-05-05T15:53:00.204+0200][gc,phases     ] GC(10)   Post Evacuate Collection Set: 1.0ms
[2021-05-05T15:53:00.204+0200][gc,phases     ] GC(10)   Other: 0.4ms
[2021-05-05T15:53:00.204+0200][gc,heap       ] GC(10) Eden regions: 49->0(55)
[2021-05-05T15:53:00.204+0200][gc,heap       ] GC(10) Survivor regions: 4->4(7)
[2021-05-05T15:53:00.204+0200][gc,heap       ] GC(10) Old regions: 13->13
[2021-05-05T15:53:00.204+0200][gc,heap       ] GC(10) Humongous regions: 129->129
[2021-05-05T15:53:00.204+0200][gc,metaspace  ] GC(10) Metaspace: 41565K->41565K(1087488K)
[2021-05-05T15:53:00.204+0200][gc            ] GC(10) Pause Young (Normal) (G1 Evacuation Pause) 192M->143M(1024M) 7.249ms
[2021-05-05T15:53:00.204+0200][gc,cpu        ] GC(10) User=0.04s Sys=0.01s Real=0.01s
[2021-05-05T16:26:19.863+0200][gc,start      ] GC(11) Pause Young (Normal) (G1 Evacuation Pause)
[2021-05-05T16:26:19.863+0200][gc,task       ] GC(11) Using 10 workers of 10 for evacuation
[2021-05-05T16:26:19.872+0200][gc,phases     ] GC(11)   Pre Evacuate Collection Set: 0.0ms
[2021-05-05T16:26:19.872+0200][gc,phases     ] GC(11)   Evacuate Collection Set: 6.6ms
[2021-05-05T16:26:19.872+0200][gc,phases     ] GC(11)   Post Evacuate Collection Set: 1.2ms
[2021-05-05T16:26:19.872+0200][gc,phases     ] GC(11)   Other: 0.5ms
[2021-05-05T16:26:19.872+0200][gc,heap       ] GC(11) Eden regions: 55->0(59)
[2021-05-05T16:26:19.872+0200][gc,heap       ] GC(11) Survivor regions: 4->4(8)
[2021-05-05T16:26:19.872+0200][gc,heap       ] GC(11) Old regions: 13->13
[2021-05-05T16:26:19.872+0200][gc,heap       ] GC(11) Humongous regions: 129->129
[2021-05-05T16:26:19.872+0200][gc,metaspace  ] GC(11) Metaspace: 41605K->41605K(1087488K)
[2021-05-05T16:26:19.872+0200][gc            ] GC(11) Pause Young (Normal) (G1 Evacuation Pause) 198M->143M(1024M) 8.317ms
[2021-05-05T16:26:19.872+0200][gc,cpu        ] GC(11) User=0.02s Sys=0.04s Real=0.01s
[2021-05-05T17:01:20.197+0200][gc,start      ] GC(12) Pause Young (Normal) (G1 Evacuation Pause)
[2021-05-05T17:01:20.197+0200][gc,task       ] GC(12) Using 10 workers of 10 for evacuation
[2021-05-05T17:01:20.204+0200][gc,phases     ] GC(12)   Pre Evacuate Collection Set: 0.0ms
[2021-05-05T17:01:20.204+0200][gc,phases     ] GC(12)   Evacuate Collection Set: 5.6ms
[2021-05-05T17:01:20.204+0200][gc,phases     ] GC(12)   Post Evacuate Collection Set: 1.1ms
[2021-05-05T17:01:20.204+0200][gc,phases     ] GC(12)   Other: 0.4ms
[2021-05-05T17:01:20.204+0200][gc,heap       ] GC(12) Eden regions: 59->0(64)
[2021-05-05T17:01:20.204+0200][gc,heap       ] GC(12) Survivor regions: 4->4(8)
[2021-05-05T17:01:20.204+0200][gc,heap       ] GC(12) Old regions: 13->13
[2021-05-05T17:01:20.204+0200][gc,heap       ] GC(12) Humongous regions: 129->129
[2021-05-05T17:01:20.204+0200][gc,metaspace  ] GC(12) Metaspace: 41770K->41770K(1087488K)
[2021-05-05T17:01:20.204+0200][gc            ] GC(12) Pause Young (Normal) (G1 Evacuation Pause) 202M->144M(1024M) 7.181ms
[2021-05-05T17:01:20.204+0200][gc,cpu        ] GC(12) User=0.02s Sys=0.03s Real=0.01s
[2021-05-05T17:39:49.491+0200][gc,start      ] GC(13) Pause Young (Normal) (G1 Evacuation Pause)
[2021-05-05T17:39:49.491+0200][gc,task       ] GC(13) Using 10 workers of 10 for evacuation
[2021-05-05T17:39:49.495+0200][gc,phases     ] GC(13)   Pre Evacuate Collection Set: 0.0ms
[2021-05-05T17:39:49.495+0200][gc,phases     ] GC(13)   Evacuate Collection Set: 3.0ms
[2021-05-05T17:39:49.495+0200][gc,phases     ] GC(13)   Post Evacuate Collection Set: 1.1ms
[2021-05-05T17:39:49.495+0200][gc,phases     ] GC(13)   Other: 0.2ms
[2021-05-05T17:39:49.495+0200][gc,heap       ] GC(13) Eden regions: 64->0(75)
[2021-05-05T17:39:49.495+0200][gc,heap       ] GC(13) Survivor regions: 4->4(9)
[2021-05-05T17:39:49.495+0200][gc,heap       ] GC(13) Old regions: 13->13
[2021-05-05T17:39:49.495+0200][gc,heap       ] GC(13) Humongous regions: 129->129
[2021-05-05T17:39:49.495+0200][gc,metaspace  ] GC(13) Metaspace: 41775K->41775K(1087488K)
[2021-05-05T17:39:49.495+0200][gc            ] GC(13) Pause Young (Normal) (G1 Evacuation Pause) 208M->143M(1024M) 4.330ms
[2021-05-05T17:39:49.495+0200][gc,cpu        ] GC(13) User=0.02s Sys=0.01s Real=0.00s
