[2021-05-03T18:13:31.610+0200][gc,heap] Heap region size: 1M
[2021-05-03T18:13:31.616+0200][gc     ] Using G1
[2021-05-03T18:13:31.616+0200][gc,heap,coops] Heap address: 0x00000000c0000000, size: 1024 MB, Compressed Oops mode: 32-bit
[2021-05-03T18:13:31.616+0200][gc,cds       ] Mark closed archive regions in map: [0x00000000fff00000, 0x00000000fff6aff8]
[2021-05-03T18:13:31.616+0200][gc,cds       ] Mark open archive regions in map: [0x00000000ffe00000, 0x00000000ffe46ff8]
[2021-05-03T18:13:32.218+0200][gc,start     ] GC(0) Pause Young (Normal) (G1 Evacuation Pause)
[2021-05-03T18:13:32.220+0200][gc,task      ] GC(0) Using 10 workers of 10 for evacuation
[2021-05-03T18:13:32.230+0200][gc,phases    ] GC(0)   Pre Evacuate Collection Set: 0.0ms
[2021-05-03T18:13:32.230+0200][gc,phases    ] GC(0)   Evacuate Collection Set: 9.0ms
[2021-05-03T18:13:32.230+0200][gc,phases    ] GC(0)   Post Evacuate Collection Set: 0.6ms
[2021-05-03T18:13:32.230+0200][gc,phases    ] GC(0)   Other: 1.4ms
[2021-05-03T18:13:32.230+0200][gc,heap      ] GC(0) Eden regions: 51->0(44)
[2021-05-03T18:13:32.230+0200][gc,heap      ] GC(0) Survivor regions: 0->7(7)
[2021-05-03T18:13:32.230+0200][gc,heap      ] GC(0) Old regions: 2->2
[2021-05-03T18:13:32.230+0200][gc,heap      ] GC(0) Humongous regions: 0->0
[2021-05-03T18:13:32.230+0200][gc,metaspace ] GC(0) Metaspace: 15406K->15406K(1062912K)
[2021-05-03T18:13:32.230+0200][gc           ] GC(0) Pause Young (Normal) (G1 Evacuation Pause) 51M->7M(1024M) 11.172ms
[2021-05-03T18:13:32.230+0200][gc,cpu       ] GC(0) User=0.09s Sys=0.00s Real=0.02s
[2021-05-03T18:13:32.445+0200][gc,start     ] GC(1) Pause Young (Concurrent Start) (Metadata GC Threshold)
[2021-05-03T18:13:32.445+0200][gc,task      ] GC(1) Using 10 workers of 10 for evacuation
[2021-05-03T18:13:32.452+0200][gc,phases    ] GC(1)   Pre Evacuate Collection Set: 0.0ms
[2021-05-03T18:13:32.452+0200][gc,phases    ] GC(1)   Evacuate Collection Set: 6.0ms
[2021-05-03T18:13:32.452+0200][gc,phases    ] GC(1)   Post Evacuate Collection Set: 0.6ms
[2021-05-03T18:13:32.452+0200][gc,phases    ] GC(1)   Other: 0.2ms
[2021-05-03T18:13:32.452+0200][gc,heap      ] GC(1) Eden regions: 21->0(49)
[2021-05-03T18:13:32.452+0200][gc,heap      ] GC(1) Survivor regions: 7->2(7)
[2021-05-03T18:13:32.452+0200][gc,heap      ] GC(1) Old regions: 2->9
[2021-05-03T18:13:32.452+0200][gc,heap      ] GC(1) Humongous regions: 0->0
[2021-05-03T18:13:32.452+0200][gc,metaspace ] GC(1) Metaspace: 20514K->20514K(1067008K)
[2021-05-03T18:13:32.452+0200][gc           ] GC(1) Pause Young (Concurrent Start) (Metadata GC Threshold) 28M->8M(1024M) 6.910ms
[2021-05-03T18:13:32.452+0200][gc,cpu       ] GC(1) User=0.03s Sys=0.01s Real=0.01s
[2021-05-03T18:13:32.452+0200][gc           ] GC(2) Concurrent Cycle
[2021-05-03T18:13:32.452+0200][gc,marking   ] GC(2) Concurrent Clear Claimed Marks
[2021-05-03T18:13:32.452+0200][gc,marking   ] GC(2) Concurrent Clear Claimed Marks 0.041ms
[2021-05-03T18:13:32.452+0200][gc,marking   ] GC(2) Concurrent Scan Root Regions
[2021-05-03T18:13:32.453+0200][gc,marking   ] GC(2) Concurrent Scan Root Regions 0.803ms
[2021-05-03T18:13:32.453+0200][gc,marking   ] GC(2) Concurrent Mark (0.845s)
[2021-05-03T18:13:32.453+0200][gc,marking   ] GC(2) Concurrent Mark From Roots
[2021-05-03T18:13:32.453+0200][gc,task      ] GC(2) Using 3 workers of 3 for marking
[2021-05-03T18:13:32.461+0200][gc,marking   ] GC(2) Concurrent Mark From Roots 7.319ms
[2021-05-03T18:13:32.461+0200][gc,marking   ] GC(2) Concurrent Preclean
[2021-05-03T18:13:32.461+0200][gc,marking   ] GC(2) Concurrent Preclean 0.107ms
[2021-05-03T18:13:32.461+0200][gc,marking   ] GC(2) Concurrent Mark (0.845s, 0.853s) 7.472ms
[2021-05-03T18:13:32.461+0200][gc,start     ] GC(2) Pause Remark
[2021-05-03T18:13:32.462+0200][gc,stringtable] GC(2) Cleaned string and symbol table, strings: 5037 processed, 0 removed, symbols: 49974 processed, 44 removed
[2021-05-03T18:13:32.463+0200][gc            ] GC(2) Pause Remark 9M->9M(1024M) 1.660ms
[2021-05-03T18:13:32.463+0200][gc,cpu        ] GC(2) User=0.01s Sys=0.01s Real=0.00s
[2021-05-03T18:13:32.463+0200][gc,marking    ] GC(2) Concurrent Rebuild Remembered Sets
[2021-05-03T18:13:32.464+0200][gc,marking    ] GC(2) Concurrent Rebuild Remembered Sets 1.670ms
[2021-05-03T18:13:32.465+0200][gc,start      ] GC(2) Pause Cleanup
[2021-05-03T18:13:32.465+0200][gc            ] GC(2) Pause Cleanup 9M->9M(1024M) 0.226ms
[2021-05-03T18:13:32.465+0200][gc,cpu        ] GC(2) User=0.00s Sys=0.00s Real=0.00s
[2021-05-03T18:13:32.465+0200][gc,marking    ] GC(2) Concurrent Cleanup for Next Mark
[2021-05-03T18:13:32.467+0200][gc,marking    ] GC(2) Concurrent Cleanup for Next Mark 1.931ms
[2021-05-03T18:13:32.467+0200][gc            ] GC(2) Concurrent Cycle 14.627ms
[2021-05-03T18:13:33.046+0200][gc,start      ] GC(3) Pause Young (Normal) (G1 Evacuation Pause)
[2021-05-03T18:13:33.046+0200][gc,task       ] GC(3) Using 10 workers of 10 for evacuation
[2021-05-03T18:13:33.048+0200][gc,phases     ] GC(3)   Pre Evacuate Collection Set: 0.0ms
[2021-05-03T18:13:33.048+0200][gc,phases     ] GC(3)   Evacuate Collection Set: 1.9ms
[2021-05-03T18:13:33.048+0200][gc,phases     ] GC(3)   Post Evacuate Collection Set: 0.6ms
[2021-05-03T18:13:33.048+0200][gc,phases     ] GC(3)   Other: 0.1ms
[2021-05-03T18:13:33.048+0200][gc,heap       ] GC(3) Eden regions: 49->0(46)
[2021-05-03T18:13:33.048+0200][gc,heap       ] GC(3) Survivor regions: 2->5(7)
[2021-05-03T18:13:33.048+0200][gc,heap       ] GC(3) Old regions: 9->9
[2021-05-03T18:13:33.048+0200][gc,heap       ] GC(3) Humongous regions: 129->129
[2021-05-03T18:13:33.048+0200][gc,metaspace  ] GC(3) Metaspace: 29325K->29325K(1075200K)
[2021-05-03T18:13:33.048+0200][gc            ] GC(3) Pause Young (Normal) (G1 Evacuation Pause) 186M->140M(1024M) 2.632ms
[2021-05-03T18:13:33.048+0200][gc,cpu        ] GC(3) User=0.01s Sys=0.00s Real=0.00s
[2021-05-03T18:13:33.260+0200][gc,start      ] GC(4) Pause Young (Concurrent Start) (Metadata GC Threshold)
[2021-05-03T18:13:33.260+0200][gc,task       ] GC(4) Using 10 workers of 10 for evacuation
[2021-05-03T18:13:33.264+0200][gc,phases     ] GC(4)   Pre Evacuate Collection Set: 0.1ms
[2021-05-03T18:13:33.264+0200][gc,phases     ] GC(4)   Evacuate Collection Set: 2.5ms
[2021-05-03T18:13:33.264+0200][gc,phases     ] GC(4)   Post Evacuate Collection Set: 0.5ms
[2021-05-03T18:13:33.264+0200][gc,phases     ] GC(4)   Other: 0.2ms
[2021-05-03T18:13:33.264+0200][gc,heap       ] GC(4) Eden regions: 24->0(45)
[2021-05-03T18:13:33.264+0200][gc,heap       ] GC(4) Survivor regions: 5->6(7)
[2021-05-03T18:13:33.264+0200][gc,heap       ] GC(4) Old regions: 9->9
[2021-05-03T18:13:33.264+0200][gc,heap       ] GC(4) Humongous regions: 129->129
[2021-05-03T18:13:33.264+0200][gc,metaspace  ] GC(4) Metaspace: 34473K->34473K(1081344K)
[2021-05-03T18:13:33.264+0200][gc            ] GC(4) Pause Young (Concurrent Start) (Metadata GC Threshold) 163M->142M(1024M) 3.367ms
[2021-05-03T18:13:33.264+0200][gc,cpu        ] GC(4) User=0.02s Sys=0.00s Real=0.00s
[2021-05-03T18:13:33.264+0200][gc            ] GC(5) Concurrent Cycle
[2021-05-03T18:13:33.264+0200][gc,marking    ] GC(5) Concurrent Clear Claimed Marks
[2021-05-03T18:13:33.264+0200][gc,marking    ] GC(5) Concurrent Clear Claimed Marks 0.038ms
[2021-05-03T18:13:33.264+0200][gc,marking    ] GC(5) Concurrent Scan Root Regions
[2021-05-03T18:13:33.265+0200][gc,marking    ] GC(5) Concurrent Scan Root Regions 1.099ms
[2021-05-03T18:13:33.265+0200][gc,marking    ] GC(5) Concurrent Mark (1.657s)
[2021-05-03T18:13:33.265+0200][gc,marking    ] GC(5) Concurrent Mark From Roots
[2021-05-03T18:13:33.265+0200][gc,task       ] GC(5) Using 3 workers of 3 for marking
[2021-05-03T18:13:33.268+0200][gc,marking    ] GC(5) Concurrent Mark From Roots 3.341ms
[2021-05-03T18:13:33.268+0200][gc,marking    ] GC(5) Concurrent Preclean
[2021-05-03T18:13:33.268+0200][gc,marking    ] GC(5) Concurrent Preclean 0.102ms
[2021-05-03T18:13:33.268+0200][gc,marking    ] GC(5) Concurrent Mark (1.657s, 1.660s) 3.488ms
[2021-05-03T18:13:33.269+0200][gc,start      ] GC(5) Pause Remark
[2021-05-03T18:13:33.270+0200][gc,stringtable] GC(5) Cleaned string and symbol table, strings: 10208 processed, 13 removed, symbols: 82528 processed, 20 removed
[2021-05-03T18:13:33.270+0200][gc            ] GC(5) Pause Remark 142M->142M(1024M) 1.642ms
[2021-05-03T18:13:33.270+0200][gc,cpu        ] GC(5) User=0.01s Sys=0.00s Real=0.00s
[2021-05-03T18:13:33.271+0200][gc,marking    ] GC(5) Concurrent Rebuild Remembered Sets
[2021-05-03T18:13:33.273+0200][gc,marking    ] GC(5) Concurrent Rebuild Remembered Sets 2.189ms
[2021-05-03T18:13:33.273+0200][gc,start      ] GC(5) Pause Cleanup
[2021-05-03T18:13:33.273+0200][gc            ] GC(5) Pause Cleanup 142M->142M(1024M) 0.282ms
[2021-05-03T18:13:33.273+0200][gc,cpu        ] GC(5) User=0.01s Sys=0.00s Real=0.00s
[2021-05-03T18:13:33.273+0200][gc,marking    ] GC(5) Concurrent Cleanup for Next Mark
[2021-05-03T18:13:33.276+0200][gc,marking    ] GC(5) Concurrent Cleanup for Next Mark 2.677ms
[2021-05-03T18:13:33.276+0200][gc            ] GC(5) Concurrent Cycle 12.280ms
[2021-05-03T18:21:07.425+0200][gc,start      ] GC(6) Pause Young (Normal) (G1 Evacuation Pause)
[2021-05-03T18:21:07.425+0200][gc,task       ] GC(6) Using 10 workers of 10 for evacuation
[2021-05-03T18:21:07.430+0200][gc,phases     ] GC(6)   Pre Evacuate Collection Set: 0.0ms
[2021-05-03T18:21:07.430+0200][gc,phases     ] GC(6)   Evacuate Collection Set: 4.4ms
[2021-05-03T18:21:07.430+0200][gc,phases     ] GC(6)   Post Evacuate Collection Set: 0.9ms
[2021-05-03T18:21:07.430+0200][gc,phases     ] GC(6)   Other: 0.2ms
[2021-05-03T18:21:07.430+0200][gc,heap       ] GC(6) Eden regions: 45->0(47)
[2021-05-03T18:21:07.430+0200][gc,heap       ] GC(6) Survivor regions: 6->4(7)
[2021-05-03T18:21:07.430+0200][gc,heap       ] GC(6) Old regions: 9->13
[2021-05-03T18:21:07.430+0200][gc,heap       ] GC(6) Humongous regions: 141->129
[2021-05-03T18:21:07.430+0200][gc,metaspace  ] GC(6) Metaspace: 40168K->40168K(1085440K)
[2021-05-03T18:21:07.430+0200][gc            ] GC(6) Pause Young (Normal) (G1 Evacuation Pause) 199M->144M(1024M) 5.620ms
[2021-05-03T18:21:07.430+0200][gc,cpu        ] GC(6) User=0.04s Sys=0.00s Real=0.01s
[2021-05-03T18:43:19.539+0200][gc,start      ] GC(7) Pause Young (Normal) (G1 Evacuation Pause)
[2021-05-03T18:43:19.539+0200][gc,task       ] GC(7) Using 10 workers of 10 for evacuation
[2021-05-03T18:43:19.541+0200][gc,phases     ] GC(7)   Pre Evacuate Collection Set: 0.0ms
[2021-05-03T18:43:19.542+0200][gc,phases     ] GC(7)   Evacuate Collection Set: 1.8ms
[2021-05-03T18:43:19.542+0200][gc,phases     ] GC(7)   Post Evacuate Collection Set: 0.7ms
[2021-05-03T18:43:19.542+0200][gc,phases     ] GC(7)   Other: 0.2ms
[2021-05-03T18:43:19.542+0200][gc,heap       ] GC(7) Eden regions: 47->0(47)
[2021-05-03T18:43:19.542+0200][gc,heap       ] GC(7) Survivor regions: 4->4(7)
[2021-05-03T18:43:19.542+0200][gc,heap       ] GC(7) Old regions: 13->13
[2021-05-03T18:43:19.542+0200][gc,heap       ] GC(7) Humongous regions: 129->129
[2021-05-03T18:43:19.542+0200][gc,metaspace  ] GC(7) Metaspace: 40893K->40893K(1087488K)
[2021-05-03T18:43:19.542+0200][gc            ] GC(7) Pause Young (Normal) (G1 Evacuation Pause) 191M->144M(1024M) 2.682ms
[2021-05-03T18:43:19.542+0200][gc,cpu        ] GC(7) User=0.01s Sys=0.01s Real=0.00s
[2021-05-03T19:46:53.294+0200][gc,start      ] GC(8) Pause Young (Normal) (G1 Evacuation Pause)
[2021-05-03T19:46:53.294+0200][gc,task       ] GC(8) Using 10 workers of 10 for evacuation
[2021-05-03T19:46:53.300+0200][gc,phases     ] GC(8)   Pre Evacuate Collection Set: 0.0ms
[2021-05-03T19:46:53.300+0200][gc,phases     ] GC(8)   Evacuate Collection Set: 5.2ms
[2021-05-03T19:46:53.300+0200][gc,phases     ] GC(8)   Post Evacuate Collection Set: 1.0ms
[2021-05-03T19:46:53.300+0200][gc,phases     ] GC(8)   Other: 0.4ms
[2021-05-03T19:46:53.300+0200][gc,heap       ] GC(8) Eden regions: 47->0(48)
[2021-05-03T19:46:53.300+0200][gc,heap       ] GC(8) Survivor regions: 4->3(7)
[2021-05-03T19:46:53.300+0200][gc,heap       ] GC(8) Old regions: 13->15
[2021-05-03T19:46:53.300+0200][gc,heap       ] GC(8) Humongous regions: 129->129
[2021-05-03T19:46:53.300+0200][gc,metaspace  ] GC(8) Metaspace: 41061K->41061K(1087488K)
[2021-05-03T19:46:53.300+0200][gc            ] GC(8) Pause Young (Normal) (G1 Evacuation Pause) 191M->144M(1024M) 6.623ms
[2021-05-03T19:46:53.300+0200][gc,cpu        ] GC(8) User=0.03s Sys=0.02s Real=0.00s
[2021-05-04T08:54:09.189+0200][gc,start      ] GC(9) Pause Young (Normal) (G1 Evacuation Pause)
[2021-05-04T08:54:09.190+0200][gc,task       ] GC(9) Using 10 workers of 10 for evacuation
[2021-05-04T08:54:09.195+0200][gc,phases     ] GC(9)   Pre Evacuate Collection Set: 0.1ms
[2021-05-04T08:54:09.195+0200][gc,phases     ] GC(9)   Evacuate Collection Set: 3.7ms
[2021-05-04T08:54:09.195+0200][gc,phases     ] GC(9)   Post Evacuate Collection Set: 1.6ms
[2021-05-04T08:54:09.195+0200][gc,phases     ] GC(9)   Other: 0.5ms
[2021-05-04T08:54:09.195+0200][gc,heap       ] GC(9) Eden regions: 48->0(50)
[2021-05-04T08:54:09.195+0200][gc,heap       ] GC(9) Survivor regions: 3->3(7)
[2021-05-04T08:54:09.195+0200][gc,heap       ] GC(9) Old regions: 15->15
[2021-05-04T08:54:09.195+0200][gc,heap       ] GC(9) Humongous regions: 129->129
[2021-05-04T08:54:09.195+0200][gc,metaspace  ] GC(9) Metaspace: 41179K->41179K(1087488K)
[2021-05-04T08:54:09.195+0200][gc            ] GC(9) Pause Young (Normal) (G1 Evacuation Pause) 192M->144M(1024M) 6.006ms
[2021-05-04T08:54:09.195+0200][gc,cpu        ] GC(9) User=0.02s Sys=0.01s Real=0.00s
[2021-05-04T09:22:09.190+0200][gc,start      ] GC(10) Pause Young (Normal) (G1 Evacuation Pause)
[2021-05-04T09:22:09.190+0200][gc,task       ] GC(10) Using 10 workers of 10 for evacuation
[2021-05-04T09:22:09.201+0200][gc,phases     ] GC(10)   Pre Evacuate Collection Set: 0.0ms
[2021-05-04T09:22:09.201+0200][gc,phases     ] GC(10)   Evacuate Collection Set: 7.7ms
[2021-05-04T09:22:09.201+0200][gc,phases     ] GC(10)   Post Evacuate Collection Set: 2.3ms
[2021-05-04T09:22:09.201+0200][gc,phases     ] GC(10)   Other: 0.7ms
[2021-05-04T09:22:09.201+0200][gc,heap       ] GC(10) Eden regions: 50->0(55)
[2021-05-04T09:22:09.201+0200][gc,heap       ] GC(10) Survivor regions: 3->3(7)
[2021-05-04T09:22:09.201+0200][gc,heap       ] GC(10) Old regions: 15->15
[2021-05-04T09:22:09.201+0200][gc,heap       ] GC(10) Humongous regions: 129->129
[2021-05-04T09:22:09.201+0200][gc,metaspace  ] GC(10) Metaspace: 41223K->41223K(1087488K)
[2021-05-04T09:22:09.201+0200][gc            ] GC(10) Pause Young (Normal) (G1 Evacuation Pause) 194M->144M(1024M) 10.877ms
[2021-05-04T09:22:09.201+0200][gc,cpu        ] GC(10) User=0.08s Sys=0.00s Real=0.01s
[2021-05-04T09:52:56.465+0200][gc,start      ] GC(11) Pause Young (Normal) (G1 Evacuation Pause)
[2021-05-04T09:52:56.465+0200][gc,task       ] GC(11) Using 10 workers of 10 for evacuation
[2021-05-04T09:52:56.473+0200][gc,phases     ] GC(11)   Pre Evacuate Collection Set: 0.0ms
[2021-05-04T09:52:56.473+0200][gc,phases     ] GC(11)   Evacuate Collection Set: 6.4ms
[2021-05-04T09:52:56.473+0200][gc,phases     ] GC(11)   Post Evacuate Collection Set: 1.0ms
[2021-05-04T09:52:56.473+0200][gc,phases     ] GC(11)   Other: 0.5ms
[2021-05-04T09:52:56.473+0200][gc,heap       ] GC(11) Eden regions: 55->0(67)
[2021-05-04T09:52:56.473+0200][gc,heap       ] GC(11) Survivor regions: 3->3(8)
[2021-05-04T09:52:56.473+0200][gc,heap       ] GC(11) Old regions: 15->15
[2021-05-04T09:52:56.473+0200][gc,heap       ] GC(11) Humongous regions: 129->129
[2021-05-04T09:52:56.473+0200][gc,metaspace  ] GC(11) Metaspace: 41295K->41295K(1087488K)
[2021-05-04T09:52:56.473+0200][gc            ] GC(11) Pause Young (Normal) (G1 Evacuation Pause) 199M->144M(1024M) 7.990ms
[2021-05-04T09:52:56.473+0200][gc,cpu        ] GC(11) User=0.06s Sys=0.01s Real=0.01s
[2021-05-04T10:30:43.559+0200][gc,start      ] GC(12) Pause Young (Normal) (G1 Evacuation Pause)
[2021-05-04T10:30:43.559+0200][gc,task       ] GC(12) Using 10 workers of 10 for evacuation
[2021-05-04T10:30:43.568+0200][gc,phases     ] GC(12)   Pre Evacuate Collection Set: 0.1ms
[2021-05-04T10:30:43.568+0200][gc,phases     ] GC(12)   Evacuate Collection Set: 7.2ms
[2021-05-04T10:30:43.568+0200][gc,phases     ] GC(12)   Post Evacuate Collection Set: 1.7ms
[2021-05-04T10:30:43.568+0200][gc,phases     ] GC(12)   Other: 0.3ms
[2021-05-04T10:30:43.568+0200][gc,heap       ] GC(12) Eden regions: 67->0(89)
[2021-05-04T10:30:43.568+0200][gc,heap       ] GC(12) Survivor regions: 3->3(9)
[2021-05-04T10:30:43.568+0200][gc,heap       ] GC(12) Old regions: 15->15
[2021-05-04T10:30:43.568+0200][gc,heap       ] GC(12) Humongous regions: 129->129
[2021-05-04T10:30:43.568+0200][gc,metaspace  ] GC(12) Metaspace: 41322K->41322K(1087488K)
[2021-05-04T10:30:43.569+0200][gc            ] GC(12) Pause Young (Normal) (G1 Evacuation Pause) 211M->144M(1024M) 9.429ms
[2021-05-04T10:30:43.569+0200][gc,cpu        ] GC(12) User=0.05s Sys=0.03s Real=0.01s
[2021-05-04T11:21:13.214+0200][gc,start      ] GC(13) Pause Young (Normal) (G1 Evacuation Pause)
[2021-05-04T11:21:13.214+0200][gc,task       ] GC(13) Using 10 workers of 10 for evacuation
[2021-05-04T11:21:13.220+0200][gc,phases     ] GC(13)   Pre Evacuate Collection Set: 0.1ms
[2021-05-04T11:21:13.220+0200][gc,phases     ] GC(13)   Evacuate Collection Set: 4.4ms
[2021-05-04T11:21:13.220+0200][gc,phases     ] GC(13)   Post Evacuate Collection Set: 1.1ms
[2021-05-04T11:21:13.220+0200][gc,phases     ] GC(13)   Other: 0.2ms
[2021-05-04T11:21:13.220+0200][gc,heap       ] GC(13) Eden regions: 89->0(118)
[2021-05-04T11:21:13.220+0200][gc,heap       ] GC(13) Survivor regions: 3->3(12)
[2021-05-04T11:21:13.220+0200][gc,heap       ] GC(13) Old regions: 15->15
[2021-05-04T11:21:13.220+0200][gc,heap       ] GC(13) Humongous regions: 129->129
[2021-05-04T11:21:13.220+0200][gc,metaspace  ] GC(13) Metaspace: 41337K->41337K(1087488K)
[2021-05-04T11:21:13.220+0200][gc            ] GC(13) Pause Young (Normal) (G1 Evacuation Pause) 233M->144M(1024M) 5.846ms
[2021-05-04T11:21:13.220+0200][gc,cpu        ] GC(13) User=0.02s Sys=0.02s Real=0.01s
[2021-05-04T12:28:54.189+0200][gc,start      ] GC(14) Pause Young (Normal) (G1 Evacuation Pause)
[2021-05-04T12:28:54.189+0200][gc,task       ] GC(14) Using 10 workers of 10 for evacuation
[2021-05-04T12:28:54.194+0200][gc,phases     ] GC(14)   Pre Evacuate Collection Set: 0.1ms
[2021-05-04T12:28:54.194+0200][gc,phases     ] GC(14)   Evacuate Collection Set: 4.2ms
[2021-05-04T12:28:54.194+0200][gc,phases     ] GC(14)   Post Evacuate Collection Set: 0.9ms
[2021-05-04T12:28:54.194+0200][gc,phases     ] GC(14)   Other: 0.2ms
[2021-05-04T12:28:54.194+0200][gc,heap       ] GC(14) Eden regions: 118->0(173)
[2021-05-04T12:28:54.194+0200][gc,heap       ] GC(14) Survivor regions: 3->3(16)
[2021-05-04T12:28:54.194+0200][gc,heap       ] GC(14) Old regions: 15->15
[2021-05-04T12:28:54.194+0200][gc,heap       ] GC(14) Humongous regions: 129->129
[2021-05-04T12:28:54.194+0200][gc,metaspace  ] GC(14) Metaspace: 41357K->41357K(1087488K)
[2021-05-04T12:28:54.194+0200][gc            ] GC(14) Pause Young (Normal) (G1 Evacuation Pause) 262M->144M(1024M) 5.478ms
[2021-05-04T12:28:54.194+0200][gc,cpu        ] GC(14) User=0.03s Sys=0.02s Real=0.00s
[2021-05-04T14:08:13.682+0200][gc,start      ] GC(15) Pause Young (Normal) (G1 Evacuation Pause)
[2021-05-04T14:08:13.682+0200][gc,task       ] GC(15) Using 10 workers of 10 for evacuation
[2021-05-04T14:08:13.723+0200][gc,mmu        ] GC(15) MMU target violated: 21.0ms (20.0ms/21.0ms)
[2021-05-04T14:08:13.723+0200][gc,phases     ] GC(15)   Pre Evacuate Collection Set: 0.1ms
[2021-05-04T14:08:13.723+0200][gc,phases     ] GC(15)   Evacuate Collection Set: 30.3ms
[2021-05-04T14:08:13.723+0200][gc,phases     ] GC(15)   Post Evacuate Collection Set: 10.5ms
[2021-05-04T14:08:13.723+0200][gc,phases     ] GC(15)   Other: 0.4ms
[2021-05-04T14:08:13.723+0200][gc,heap       ] GC(15) Eden regions: 173->0(200)
[2021-05-04T14:08:13.723+0200][gc,heap       ] GC(15) Survivor regions: 3->3(22)
[2021-05-04T14:08:13.723+0200][gc,heap       ] GC(15) Old regions: 15->15
[2021-05-04T14:08:13.723+0200][gc,heap       ] GC(15) Humongous regions: 129->129
[2021-05-04T14:08:13.723+0200][gc,metaspace  ] GC(15) Metaspace: 41456K->41456K(1087488K)
[2021-05-04T14:08:13.723+0200][gc            ] GC(15) Pause Young (Normal) (G1 Evacuation Pause) 317M->144M(1024M) 41.403ms
[2021-05-04T14:08:13.723+0200][gc,cpu        ] GC(15) User=0.19s Sys=0.15s Real=0.04s
[2021-05-04T14:55:58.883+0200][gc,start      ] GC(16) Pause Young (Normal) (G1 Evacuation Pause)
[2021-05-04T14:55:58.883+0200][gc,task       ] GC(16) Using 10 workers of 10 for evacuation
[2021-05-04T14:55:58.889+0200][gc,phases     ] GC(16)   Pre Evacuate Collection Set: 0.0ms
[2021-05-04T14:55:58.889+0200][gc,phases     ] GC(16)   Evacuate Collection Set: 4.6ms
[2021-05-04T14:55:58.889+0200][gc,phases     ] GC(16)   Post Evacuate Collection Set: 1.3ms
[2021-05-04T14:55:58.889+0200][gc,phases     ] GC(16)   Other: 0.2ms
[2021-05-04T14:55:58.889+0200][gc,heap       ] GC(16) Eden regions: 200->0(234)
[2021-05-04T14:55:58.889+0200][gc,heap       ] GC(16) Survivor regions: 3->6(26)
[2021-05-04T14:55:58.889+0200][gc,heap       ] GC(16) Old regions: 15->15
[2021-05-04T14:55:58.889+0200][gc,heap       ] GC(16) Humongous regions: 129->129
[2021-05-04T14:55:58.889+0200][gc,metaspace  ] GC(16) Metaspace: 44955K->44955K(1089536K)
[2021-05-04T14:55:58.889+0200][gc            ] GC(16) Pause Young (Normal) (G1 Evacuation Pause) 344M->147M(1024M) 6.107ms
[2021-05-04T14:55:58.889+0200][gc,cpu        ] GC(16) User=0.00s Sys=0.05s Real=0.01s
[2021-05-04T15:57:47.309+0200][gc,start      ] GC(17) Pause Young (Normal) (G1 Evacuation Pause)
[2021-05-04T15:57:47.309+0200][gc,task       ] GC(17) Using 10 workers of 10 for evacuation
[2021-05-04T15:57:47.318+0200][gc,phases     ] GC(17)   Pre Evacuate Collection Set: 0.0ms
[2021-05-04T15:57:47.318+0200][gc,phases     ] GC(17)   Evacuate Collection Set: 6.8ms
[2021-05-04T15:57:47.318+0200][gc,phases     ] GC(17)   Post Evacuate Collection Set: 1.3ms
[2021-05-04T15:57:47.318+0200][gc,phases     ] GC(17)   Other: 0.2ms
[2021-05-04T15:57:47.318+0200][gc,heap       ] GC(17) Eden regions: 233->0(607)
[2021-05-04T15:57:47.318+0200][gc,heap       ] GC(17) Survivor regions: 6->7(30)
[2021-05-04T15:57:47.318+0200][gc,heap       ] GC(17) Old regions: 15->15
[2021-05-04T15:57:47.318+0200][gc,heap       ] GC(17) Humongous regions: 129->129
[2021-05-04T15:57:47.318+0200][gc,metaspace  ] GC(17) Metaspace: 45142K->45142K(1089536K)
[2021-05-04T15:57:47.318+0200][gc            ] GC(17) Pause Young (Normal) (G1 Evacuation Pause) 380M->148M(1024M) 8.279ms
[2021-05-04T15:57:47.318+0200][gc,cpu        ] GC(17) User=0.07s Sys=0.00s Real=0.01s
[2021-05-04T18:29:56.264+0200][gc,start      ] GC(18) Pause Young (Normal) (G1 Evacuation Pause)
[2021-05-04T18:29:56.264+0200][gc,task       ] GC(18) Using 10 workers of 10 for evacuation
[2021-05-04T18:29:56.275+0200][gc,phases     ] GC(18)   Pre Evacuate Collection Set: 0.0ms
[2021-05-04T18:29:56.275+0200][gc,phases     ] GC(18)   Evacuate Collection Set: 9.0ms
[2021-05-04T18:29:56.275+0200][gc,phases     ] GC(18)   Post Evacuate Collection Set: 1.5ms
[2021-05-04T18:29:56.275+0200][gc,phases     ] GC(18)   Other: 0.8ms
[2021-05-04T18:29:56.275+0200][gc,heap       ] GC(18) Eden regions: 607->0(607)
[2021-05-04T18:29:56.275+0200][gc,heap       ] GC(18) Survivor regions: 7->7(77)
[2021-05-04T18:29:56.275+0200][gc,heap       ] GC(18) Old regions: 15->15
[2021-05-04T18:29:56.275+0200][gc,heap       ] GC(18) Humongous regions: 129->129
[2021-05-04T18:29:56.275+0200][gc,metaspace  ] GC(18) Metaspace: 45940K->45940K(1091584K)
[2021-05-04T18:29:56.275+0200][gc            ] GC(18) Pause Young (Normal) (G1 Evacuation Pause) 755M->149M(1024M) 11.333ms
[2021-05-04T18:29:56.275+0200][gc,cpu        ] GC(18) User=0.04s Sys=0.05s Real=0.02s
