[2021-04-28T16:33:11.335+0200][gc,heap] Heap region size: 1M
[2021-04-28T16:33:11.342+0200][gc     ] Using G1
[2021-04-28T16:33:11.342+0200][gc,heap,coops] Heap address: 0x00000000c0000000, size: 1024 MB, Compressed Oops mode: 32-bit
[2021-04-28T16:33:11.342+0200][gc,cds       ] Mark closed archive regions in map: [0x00000000fff00000, 0x00000000fff6aff8]
[2021-04-28T16:33:11.342+0200][gc,cds       ] Mark open archive regions in map: [0x00000000ffe00000, 0x00000000ffe46ff8]
[2021-04-28T16:33:11.970+0200][gc,start     ] GC(0) Pause Young (Normal) (G1 Evacuation Pause)
[2021-04-28T16:33:11.972+0200][gc,task      ] GC(0) Using 10 workers of 10 for evacuation
[2021-04-28T16:33:11.983+0200][gc,phases    ] GC(0)   Pre Evacuate Collection Set: 0.0ms
[2021-04-28T16:33:11.983+0200][gc,phases    ] GC(0)   Evacuate Collection Set: 10.7ms
[2021-04-28T16:33:11.983+0200][gc,phases    ] GC(0)   Post Evacuate Collection Set: 0.6ms
[2021-04-28T16:33:11.983+0200][gc,phases    ] GC(0)   Other: 1.7ms
[2021-04-28T16:33:11.983+0200][gc,heap      ] GC(0) Eden regions: 51->0(44)
[2021-04-28T16:33:11.983+0200][gc,heap      ] GC(0) Survivor regions: 0->7(7)
[2021-04-28T16:33:11.983+0200][gc,heap      ] GC(0) Old regions: 2->2
[2021-04-28T16:33:11.983+0200][gc,heap      ] GC(0) Humongous regions: 0->0
[2021-04-28T16:33:11.983+0200][gc,metaspace ] GC(0) Metaspace: 15405K->15405K(1062912K)
[2021-04-28T16:33:11.983+0200][gc           ] GC(0) Pause Young (Normal) (G1 Evacuation Pause) 51M->7M(1024M) 13.111ms
[2021-04-28T16:33:11.983+0200][gc,cpu       ] GC(0) User=0.11s Sys=0.00s Real=0.02s
[2021-04-28T16:33:12.288+0200][gc,start     ] GC(1) Pause Young (Concurrent Start) (Metadata GC Threshold)
[2021-04-28T16:33:12.288+0200][gc,task      ] GC(1) Using 10 workers of 10 for evacuation
[2021-04-28T16:33:12.296+0200][gc,phases    ] GC(1)   Pre Evacuate Collection Set: 0.0ms
[2021-04-28T16:33:12.296+0200][gc,phases    ] GC(1)   Evacuate Collection Set: 6.4ms
[2021-04-28T16:33:12.296+0200][gc,phases    ] GC(1)   Post Evacuate Collection Set: 0.6ms
[2021-04-28T16:33:12.296+0200][gc,phases    ] GC(1)   Other: 0.2ms
[2021-04-28T16:33:12.296+0200][gc,heap      ] GC(1) Eden regions: 22->0(49)
[2021-04-28T16:33:12.296+0200][gc,heap      ] GC(1) Survivor regions: 7->2(7)
[2021-04-28T16:33:12.296+0200][gc,heap      ] GC(1) Old regions: 2->9
[2021-04-28T16:33:12.296+0200][gc,heap      ] GC(1) Humongous regions: 0->0
[2021-04-28T16:33:12.296+0200][gc,metaspace ] GC(1) Metaspace: 20604K->20604K(1067008K)
[2021-04-28T16:33:12.296+0200][gc           ] GC(1) Pause Young (Concurrent Start) (Metadata GC Threshold) 29M->8M(1024M) 7.282ms
[2021-04-28T16:33:12.296+0200][gc,cpu       ] GC(1) User=0.02s Sys=0.03s Real=0.01s
[2021-04-28T16:33:12.296+0200][gc           ] GC(2) Concurrent Cycle
[2021-04-28T16:33:12.296+0200][gc,marking   ] GC(2) Concurrent Clear Claimed Marks
[2021-04-28T16:33:12.296+0200][gc,marking   ] GC(2) Concurrent Clear Claimed Marks 0.046ms
[2021-04-28T16:33:12.296+0200][gc,marking   ] GC(2) Concurrent Scan Root Regions
[2021-04-28T16:33:12.297+0200][gc,marking   ] GC(2) Concurrent Scan Root Regions 0.882ms
[2021-04-28T16:33:12.297+0200][gc,marking   ] GC(2) Concurrent Mark (0.964s)
[2021-04-28T16:33:12.297+0200][gc,marking   ] GC(2) Concurrent Mark From Roots
[2021-04-28T16:33:12.297+0200][gc,task      ] GC(2) Using 3 workers of 3 for marking
[2021-04-28T16:33:12.300+0200][gc,marking   ] GC(2) Concurrent Mark From Roots 3.233ms
[2021-04-28T16:33:12.300+0200][gc,marking   ] GC(2) Concurrent Preclean
[2021-04-28T16:33:12.300+0200][gc,marking   ] GC(2) Concurrent Preclean 0.146ms
[2021-04-28T16:33:12.300+0200][gc,marking   ] GC(2) Concurrent Mark (0.964s, 0.967s) 3.414ms
[2021-04-28T16:33:12.300+0200][gc,start     ] GC(2) Pause Remark
[2021-04-28T16:33:12.302+0200][gc,stringtable] GC(2) Cleaned string and symbol table, strings: 5083 processed, 0 removed, symbols: 50978 processed, 45 removed
[2021-04-28T16:33:12.302+0200][gc            ] GC(2) Pause Remark 8M->8M(1024M) 1.667ms
[2021-04-28T16:33:12.302+0200][gc,cpu        ] GC(2) User=0.00s Sys=0.01s Real=0.01s
[2021-04-28T16:33:12.302+0200][gc,marking    ] GC(2) Concurrent Rebuild Remembered Sets
[2021-04-28T16:33:12.304+0200][gc,marking    ] GC(2) Concurrent Rebuild Remembered Sets 2.168ms
[2021-04-28T16:33:12.305+0200][gc,start      ] GC(2) Pause Cleanup
[2021-04-28T16:33:12.305+0200][gc            ] GC(2) Pause Cleanup 8M->8M(1024M) 0.244ms
[2021-04-28T16:33:12.305+0200][gc,cpu        ] GC(2) User=0.00s Sys=0.00s Real=0.00s
[2021-04-28T16:33:12.305+0200][gc,marking    ] GC(2) Concurrent Cleanup for Next Mark
[2021-04-28T16:33:12.307+0200][gc,marking    ] GC(2) Concurrent Cleanup for Next Mark 1.552ms
[2021-04-28T16:33:12.307+0200][gc            ] GC(2) Concurrent Cycle 11.315ms
[2021-04-28T16:33:12.758+0200][gc,start      ] GC(3) Pause Young (Concurrent Start) (G1 Evacuation Pause)
[2021-04-28T16:33:12.758+0200][gc,task       ] GC(3) Using 10 workers of 10 for evacuation
[2021-04-28T16:33:12.761+0200][gc,phases     ] GC(3)   Pre Evacuate Collection Set: 0.1ms
[2021-04-28T16:33:12.761+0200][gc,phases     ] GC(3)   Evacuate Collection Set: 2.1ms
[2021-04-28T16:33:12.761+0200][gc,phases     ] GC(3)   Post Evacuate Collection Set: 0.6ms
[2021-04-28T16:33:12.761+0200][gc,phases     ] GC(3)   Other: 0.2ms
[2021-04-28T16:33:12.761+0200][gc,heap       ] GC(3) Eden regions: 49->0(46)
[2021-04-28T16:33:12.761+0200][gc,heap       ] GC(3) Survivor regions: 2->5(7)
[2021-04-28T16:33:12.761+0200][gc,heap       ] GC(3) Old regions: 9->9
[2021-04-28T16:33:12.761+0200][gc,heap       ] GC(3) Humongous regions: 129->129
[2021-04-28T16:33:12.761+0200][gc,metaspace  ] GC(3) Metaspace: 30044K->30044K(1077248K)
[2021-04-28T16:33:12.761+0200][gc            ] GC(3) Pause Young (Concurrent Start) (G1 Evacuation Pause) 186M->141M(1024M) 3.091ms
[2021-04-28T16:33:12.761+0200][gc,cpu        ] GC(3) User=0.02s Sys=0.00s Real=0.00s
[2021-04-28T16:33:12.761+0200][gc            ] GC(4) Concurrent Cycle
[2021-04-28T16:33:12.761+0200][gc,marking    ] GC(4) Concurrent Clear Claimed Marks
[2021-04-28T16:33:12.761+0200][gc,marking    ] GC(4) Concurrent Clear Claimed Marks 0.040ms
[2021-04-28T16:33:12.761+0200][gc,marking    ] GC(4) Concurrent Scan Root Regions
[2021-04-28T16:33:12.763+0200][gc,marking    ] GC(4) Concurrent Scan Root Regions 1.383ms
[2021-04-28T16:33:12.763+0200][gc,marking    ] GC(4) Concurrent Mark (1.429s)
[2021-04-28T16:33:12.763+0200][gc,marking    ] GC(4) Concurrent Mark From Roots
[2021-04-28T16:33:12.763+0200][gc,task       ] GC(4) Using 3 workers of 3 for marking
[2021-04-28T16:33:12.767+0200][gc,marking    ] GC(4) Concurrent Mark From Roots 4.114ms
[2021-04-28T16:33:12.767+0200][gc,marking    ] GC(4) Concurrent Preclean
[2021-04-28T16:33:12.767+0200][gc,marking    ] GC(4) Concurrent Preclean 0.133ms
[2021-04-28T16:33:12.767+0200][gc,marking    ] GC(4) Concurrent Mark (1.429s, 1.434s) 4.292ms
[2021-04-28T16:33:12.767+0200][gc,start      ] GC(4) Pause Remark
[2021-04-28T16:33:12.769+0200][gc,stringtable] GC(4) Cleaned string and symbol table, strings: 9544 processed, 13 removed, symbols: 71234 processed, 19 removed
[2021-04-28T16:33:12.769+0200][gc            ] GC(4) Pause Remark 141M->141M(1024M) 2.179ms
[2021-04-28T16:33:12.769+0200][gc,cpu        ] GC(4) User=0.02s Sys=0.00s Real=0.00s
[2021-04-28T16:33:12.769+0200][gc,marking    ] GC(4) Concurrent Rebuild Remembered Sets
[2021-04-28T16:33:12.772+0200][gc,marking    ] GC(4) Concurrent Rebuild Remembered Sets 2.514ms
[2021-04-28T16:33:12.772+0200][gc,start      ] GC(4) Pause Cleanup
[2021-04-28T16:33:12.773+0200][gc            ] GC(4) Pause Cleanup 142M->142M(1024M) 0.321ms
[2021-04-28T16:33:12.773+0200][gc,cpu        ] GC(4) User=0.00s Sys=0.00s Real=0.00s
[2021-04-28T16:33:12.773+0200][gc,marking    ] GC(4) Concurrent Cleanup for Next Mark
[2021-04-28T16:33:12.776+0200][gc,marking    ] GC(4) Concurrent Cleanup for Next Mark 3.295ms
[2021-04-28T16:33:12.776+0200][gc            ] GC(4) Concurrent Cycle 14.989ms
[2021-04-28T16:35:17.511+0200][gc,start      ] GC(5) Pause Young (Normal) (G1 Evacuation Pause)
[2021-04-28T16:35:17.511+0200][gc,task       ] GC(5) Using 10 workers of 10 for evacuation
[2021-04-28T16:35:17.523+0200][gc,phases     ] GC(5)   Pre Evacuate Collection Set: 0.2ms
[2021-04-28T16:35:17.523+0200][gc,phases     ] GC(5)   Evacuate Collection Set: 10.0ms
[2021-04-28T16:35:17.523+0200][gc,phases     ] GC(5)   Post Evacuate Collection Set: 1.7ms
[2021-04-28T16:35:17.523+0200][gc,phases     ] GC(5)   Other: 0.7ms
[2021-04-28T16:35:17.523+0200][gc,heap       ] GC(5) Eden regions: 46->0(48)
[2021-04-28T16:35:17.523+0200][gc,heap       ] GC(5) Survivor regions: 5->3(7)
[2021-04-28T16:35:17.523+0200][gc,heap       ] GC(5) Old regions: 9->14
[2021-04-28T16:35:17.523+0200][gc,heap       ] GC(5) Humongous regions: 129->129
[2021-04-28T16:35:17.523+0200][gc,metaspace  ] GC(5) Metaspace: 39329K->39329K(1085440K)
[2021-04-28T16:35:17.523+0200][gc            ] GC(5) Pause Young (Normal) (G1 Evacuation Pause) 187M->143M(1024M) 12.574ms
[2021-04-28T16:35:17.523+0200][gc,cpu        ] GC(5) User=0.05s Sys=0.06s Real=0.02s
[2021-04-28T16:42:20.473+0200][gc,heap,exit  ] Heap
[2021-04-28T16:42:20.473+0200][gc,heap,exit  ]  garbage-first heap   total 1048576K, used 190106K [0x00000000c0000000, 0x0000000100000000)
[2021-04-28T16:42:20.473+0200][gc,heap,exit  ]   region size 1024K, 46 young (47104K), 3 survivors (3072K)
[2021-04-28T16:42:20.473+0200][gc,heap,exit  ]  Metaspace       used 42528K, capacity 45235K, committed 45440K, reserved 1087488K
[2021-04-28T16:42:20.473+0200][gc,heap,exit  ]   class space    used 5672K, capacity 6984K, committed 7040K, reserved 1048576K
