[2021-05-03T16:36:55.758+0200][gc,heap] Heap region size: 1M
[2021-05-03T16:36:55.763+0200][gc     ] Using G1
[2021-05-03T16:36:55.763+0200][gc,heap,coops] Heap address: 0x00000000c0000000, size: 1024 MB, Compressed Oops mode: 32-bit
[2021-05-03T16:36:55.764+0200][gc,cds       ] Mark closed archive regions in map: [0x00000000fff00000, 0x00000000fff6aff8]
[2021-05-03T16:36:55.764+0200][gc,cds       ] Mark open archive regions in map: [0x00000000ffe00000, 0x00000000ffe46ff8]
[2021-05-03T16:36:56.360+0200][gc,start     ] GC(0) Pause Young (Normal) (G1 Evacuation Pause)
[2021-05-03T16:36:56.361+0200][gc,task      ] GC(0) Using 10 workers of 10 for evacuation
[2021-05-03T16:36:56.373+0200][gc,phases    ] GC(0)   Pre Evacuate Collection Set: 0.0ms
[2021-05-03T16:36:56.373+0200][gc,phases    ] GC(0)   Evacuate Collection Set: 10.9ms
[2021-05-03T16:36:56.373+0200][gc,phases    ] GC(0)   Post Evacuate Collection Set: 0.7ms
[2021-05-03T16:36:56.373+0200][gc,phases    ] GC(0)   Other: 1.5ms
[2021-05-03T16:36:56.373+0200][gc,heap      ] GC(0) Eden regions: 51->0(44)
[2021-05-03T16:36:56.373+0200][gc,heap      ] GC(0) Survivor regions: 0->7(7)
[2021-05-03T16:36:56.373+0200][gc,heap      ] GC(0) Old regions: 2->2
[2021-05-03T16:36:56.373+0200][gc,heap      ] GC(0) Humongous regions: 0->0
[2021-05-03T16:36:56.373+0200][gc,metaspace ] GC(0) Metaspace: 15414K->15414K(1062912K)
[2021-05-03T16:36:56.373+0200][gc           ] GC(0) Pause Young (Normal) (G1 Evacuation Pause) 51M->7M(1024M) 13.150ms
[2021-05-03T16:36:56.373+0200][gc,cpu       ] GC(0) User=0.11s Sys=0.00s Real=0.01s
[2021-05-03T16:36:56.607+0200][gc,start     ] GC(1) Pause Young (Concurrent Start) (Metadata GC Threshold)
[2021-05-03T16:36:56.607+0200][gc,task      ] GC(1) Using 10 workers of 10 for evacuation
[2021-05-03T16:36:56.615+0200][gc,phases    ] GC(1)   Pre Evacuate Collection Set: 0.1ms
[2021-05-03T16:36:56.615+0200][gc,phases    ] GC(1)   Evacuate Collection Set: 7.0ms
[2021-05-03T16:36:56.615+0200][gc,phases    ] GC(1)   Post Evacuate Collection Set: 0.7ms
[2021-05-03T16:36:56.615+0200][gc,phases    ] GC(1)   Other: 0.2ms
[2021-05-03T16:36:56.615+0200][gc,heap      ] GC(1) Eden regions: 21->0(49)
[2021-05-03T16:36:56.615+0200][gc,heap      ] GC(1) Survivor regions: 7->2(7)
[2021-05-03T16:36:56.615+0200][gc,heap      ] GC(1) Old regions: 2->9
[2021-05-03T16:36:56.615+0200][gc,heap      ] GC(1) Humongous regions: 0->0
[2021-05-03T16:36:56.615+0200][gc,metaspace ] GC(1) Metaspace: 20512K->20512K(1067008K)
[2021-05-03T16:36:56.615+0200][gc           ] GC(1) Pause Young (Concurrent Start) (Metadata GC Threshold) 28M->8M(1024M) 7.994ms
[2021-05-03T16:36:56.615+0200][gc,cpu       ] GC(1) User=0.00s Sys=0.05s Real=0.01s
[2021-05-03T16:36:56.615+0200][gc           ] GC(2) Concurrent Cycle
[2021-05-03T16:36:56.615+0200][gc,marking   ] GC(2) Concurrent Clear Claimed Marks
[2021-05-03T16:36:56.615+0200][gc,marking   ] GC(2) Concurrent Clear Claimed Marks 0.056ms
[2021-05-03T16:36:56.615+0200][gc,marking   ] GC(2) Concurrent Scan Root Regions
[2021-05-03T16:36:56.616+0200][gc,marking   ] GC(2) Concurrent Scan Root Regions 1.026ms
[2021-05-03T16:36:56.617+0200][gc,marking   ] GC(2) Concurrent Mark (0.861s)
[2021-05-03T16:36:56.617+0200][gc,marking   ] GC(2) Concurrent Mark From Roots
[2021-05-03T16:36:56.617+0200][gc,task      ] GC(2) Using 3 workers of 3 for marking
[2021-05-03T16:36:56.620+0200][gc,marking   ] GC(2) Concurrent Mark From Roots 3.170ms
[2021-05-03T16:36:56.620+0200][gc,marking   ] GC(2) Concurrent Preclean
[2021-05-03T16:36:56.620+0200][gc,marking   ] GC(2) Concurrent Preclean 0.098ms
[2021-05-03T16:36:56.620+0200][gc,marking   ] GC(2) Concurrent Mark (0.861s, 0.864s) 3.308ms
[2021-05-03T16:36:56.620+0200][gc,start     ] GC(2) Pause Remark
[2021-05-03T16:36:56.622+0200][gc,stringtable] GC(2) Cleaned string and symbol table, strings: 5021 processed, 0 removed, symbols: 49872 processed, 43 removed
[2021-05-03T16:36:56.622+0200][gc            ] GC(2) Pause Remark 8M->8M(1024M) 1.952ms
[2021-05-03T16:36:56.622+0200][gc,cpu        ] GC(2) User=0.01s Sys=0.00s Real=0.00s
[2021-05-03T16:36:56.622+0200][gc,marking    ] GC(2) Concurrent Rebuild Remembered Sets
[2021-05-03T16:36:56.627+0200][gc,marking    ] GC(2) Concurrent Rebuild Remembered Sets 4.990ms
[2021-05-03T16:36:56.627+0200][gc,start      ] GC(2) Pause Cleanup
[2021-05-03T16:36:56.628+0200][gc            ] GC(2) Pause Cleanup 9M->9M(1024M) 0.324ms
[2021-05-03T16:36:56.628+0200][gc,cpu        ] GC(2) User=0.00s Sys=0.00s Real=0.00s
[2021-05-03T16:36:56.628+0200][gc,marking    ] GC(2) Concurrent Cleanup for Next Mark
[2021-05-03T16:36:56.631+0200][gc,marking    ] GC(2) Concurrent Cleanup for Next Mark 2.831ms
[2021-05-03T16:36:56.631+0200][gc            ] GC(2) Concurrent Cycle 15.539ms
[2021-05-03T16:36:57.145+0200][gc,start      ] GC(3) Pause Young (Normal) (G1 Evacuation Pause)
[2021-05-03T16:36:57.145+0200][gc,task       ] GC(3) Using 10 workers of 10 for evacuation
[2021-05-03T16:36:57.147+0200][gc,phases     ] GC(3)   Pre Evacuate Collection Set: 0.0ms
[2021-05-03T16:36:57.147+0200][gc,phases     ] GC(3)   Evacuate Collection Set: 2.0ms
[2021-05-03T16:36:57.147+0200][gc,phases     ] GC(3)   Post Evacuate Collection Set: 0.5ms
[2021-05-03T16:36:57.147+0200][gc,phases     ] GC(3)   Other: 0.2ms
[2021-05-03T16:36:57.147+0200][gc,heap       ] GC(3) Eden regions: 49->0(46)
[2021-05-03T16:36:57.147+0200][gc,heap       ] GC(3) Survivor regions: 2->5(7)
[2021-05-03T16:36:57.147+0200][gc,heap       ] GC(3) Old regions: 9->9
[2021-05-03T16:36:57.147+0200][gc,heap       ] GC(3) Humongous regions: 129->129
[2021-05-03T16:36:57.147+0200][gc,metaspace  ] GC(3) Metaspace: 29834K->29834K(1077248K)
[2021-05-03T16:36:57.148+0200][gc            ] GC(3) Pause Young (Normal) (G1 Evacuation Pause) 186M->140M(1024M) 2.815ms
[2021-05-03T16:36:57.148+0200][gc,cpu        ] GC(3) User=0.02s Sys=0.01s Real=0.00s
[2021-05-03T16:36:57.339+0200][gc,start      ] GC(4) Pause Young (Concurrent Start) (Metadata GC Threshold)
[2021-05-03T16:36:57.339+0200][gc,task       ] GC(4) Using 10 workers of 10 for evacuation
[2021-05-03T16:36:57.343+0200][gc,phases     ] GC(4)   Pre Evacuate Collection Set: 0.1ms
[2021-05-03T16:36:57.343+0200][gc,phases     ] GC(4)   Evacuate Collection Set: 3.5ms
[2021-05-03T16:36:57.343+0200][gc,phases     ] GC(4)   Post Evacuate Collection Set: 0.5ms
[2021-05-03T16:36:57.343+0200][gc,phases     ] GC(4)   Other: 0.3ms
[2021-05-03T16:36:57.343+0200][gc,heap       ] GC(4) Eden regions: 20->0(45)
[2021-05-03T16:36:57.343+0200][gc,heap       ] GC(4) Survivor regions: 5->6(7)
[2021-05-03T16:36:57.343+0200][gc,heap       ] GC(4) Old regions: 9->10
[2021-05-03T16:36:57.343+0200][gc,heap       ] GC(4) Humongous regions: 129->129
[2021-05-03T16:36:57.343+0200][gc,metaspace  ] GC(4) Metaspace: 33990K->33990K(1081344K)
[2021-05-03T16:36:57.343+0200][gc            ] GC(4) Pause Young (Concurrent Start) (Metadata GC Threshold) 159M->142M(1024M) 4.515ms
[2021-05-03T16:36:57.343+0200][gc,cpu        ] GC(4) User=0.02s Sys=0.00s Real=0.00s
[2021-05-03T16:36:57.343+0200][gc            ] GC(5) Concurrent Cycle
[2021-05-03T16:36:57.343+0200][gc,marking    ] GC(5) Concurrent Clear Claimed Marks
[2021-05-03T16:36:57.343+0200][gc,marking    ] GC(5) Concurrent Clear Claimed Marks 0.038ms
[2021-05-03T16:36:57.343+0200][gc,marking    ] GC(5) Concurrent Scan Root Regions
[2021-05-03T16:36:57.345+0200][gc,marking    ] GC(5) Concurrent Scan Root Regions 1.416ms
[2021-05-03T16:36:57.345+0200][gc,marking    ] GC(5) Concurrent Mark (1.589s)
[2021-05-03T16:36:57.345+0200][gc,marking    ] GC(5) Concurrent Mark From Roots
[2021-05-03T16:36:57.345+0200][gc,task       ] GC(5) Using 3 workers of 3 for marking
[2021-05-03T16:36:57.349+0200][gc,marking    ] GC(5) Concurrent Mark From Roots 4.193ms
[2021-05-03T16:36:57.349+0200][gc,marking    ] GC(5) Concurrent Preclean
[2021-05-03T16:36:57.349+0200][gc,marking    ] GC(5) Concurrent Preclean 0.134ms
[2021-05-03T16:36:57.349+0200][gc,marking    ] GC(5) Concurrent Mark (1.589s, 1.594s) 4.385ms
[2021-05-03T16:36:57.350+0200][gc,start      ] GC(5) Pause Remark
[2021-05-03T16:36:57.352+0200][gc,stringtable] GC(5) Cleaned string and symbol table, strings: 10064 processed, 13 removed, symbols: 82269 processed, 22 removed
[2021-05-03T16:36:57.352+0200][gc            ] GC(5) Pause Remark 142M->142M(1024M) 2.280ms
[2021-05-03T16:36:57.352+0200][gc,cpu        ] GC(5) User=0.02s Sys=0.00s Real=0.00s
[2021-05-03T16:36:57.352+0200][gc,marking    ] GC(5) Concurrent Rebuild Remembered Sets
[2021-05-03T16:36:57.355+0200][gc,marking    ] GC(5) Concurrent Rebuild Remembered Sets 2.353ms
[2021-05-03T16:36:57.356+0200][gc,start      ] GC(5) Pause Cleanup
[2021-05-03T16:36:57.356+0200][gc            ] GC(5) Pause Cleanup 143M->143M(1024M) 0.236ms
[2021-05-03T16:36:57.356+0200][gc,cpu        ] GC(5) User=0.00s Sys=0.00s Real=0.00s
[2021-05-03T16:36:57.356+0200][gc,marking    ] GC(5) Concurrent Cleanup for Next Mark
[2021-05-03T16:36:57.361+0200][gc,marking    ] GC(5) Concurrent Cleanup for Next Mark 4.819ms
[2021-05-03T16:36:57.361+0200][gc            ] GC(5) Concurrent Cycle 17.737ms
[2021-05-03T16:43:04.605+0200][gc,start      ] GC(6) Pause Young (Normal) (G1 Evacuation Pause)
[2021-05-03T16:43:04.605+0200][gc,task       ] GC(6) Using 10 workers of 10 for evacuation
[2021-05-03T16:43:04.626+0200][gc,mmu        ] GC(6) MMU target violated: 21.0ms (20.0ms/21.0ms)
[2021-05-03T16:43:04.626+0200][gc,phases     ] GC(6)   Pre Evacuate Collection Set: 0.2ms
[2021-05-03T16:43:04.626+0200][gc,phases     ] GC(6)   Evacuate Collection Set: 19.1ms
[2021-05-03T16:43:04.626+0200][gc,phases     ] GC(6)   Post Evacuate Collection Set: 1.5ms
[2021-05-03T16:43:04.626+0200][gc,phases     ] GC(6)   Other: 0.6ms
[2021-05-03T16:43:04.626+0200][gc,heap       ] GC(6) Eden regions: 45->0(45)
[2021-05-03T16:43:04.626+0200][gc,heap       ] GC(6) Survivor regions: 6->6(7)
[2021-05-03T16:43:04.626+0200][gc,heap       ] GC(6) Old regions: 10->13
[2021-05-03T16:43:04.626+0200][gc,heap       ] GC(6) Humongous regions: 129->129
[2021-05-03T16:43:04.626+0200][gc,metaspace  ] GC(6) Metaspace: 39485K->39485K(1085440K)
[2021-05-03T16:43:04.626+0200][gc            ] GC(6) Pause Young (Normal) (G1 Evacuation Pause) 187M->145M(1024M) 21.386ms
[2021-05-03T16:43:04.626+0200][gc,cpu        ] GC(6) User=0.10s Sys=0.09s Real=0.02s
[2021-05-03T16:51:58.050+0200][gc,start      ] GC(7) Pause Young (Normal) (G1 Evacuation Pause)
[2021-05-03T16:51:58.051+0200][gc,task       ] GC(7) Using 10 workers of 10 for evacuation
[2021-05-03T16:51:58.055+0200][gc,phases     ] GC(7)   Pre Evacuate Collection Set: 0.0ms
[2021-05-03T16:51:58.055+0200][gc,phases     ] GC(7)   Evacuate Collection Set: 2.9ms
[2021-05-03T16:51:58.055+0200][gc,phases     ] GC(7)   Post Evacuate Collection Set: 0.9ms
[2021-05-03T16:51:58.055+0200][gc,phases     ] GC(7)   Other: 0.3ms
[2021-05-03T16:51:58.055+0200][gc,heap       ] GC(7) Eden regions: 45->0(46)
[2021-05-03T16:51:58.055+0200][gc,heap       ] GC(7) Survivor regions: 6->5(7)
[2021-05-03T16:51:58.055+0200][gc,heap       ] GC(7) Old regions: 13->15
[2021-05-03T16:51:58.055+0200][gc,heap       ] GC(7) Humongous regions: 129->129
[2021-05-03T16:51:58.055+0200][gc,metaspace  ] GC(7) Metaspace: 40795K->40795K(1087488K)
[2021-05-03T16:51:58.055+0200][gc            ] GC(7) Pause Young (Normal) (G1 Evacuation Pause) 190M->146M(1024M) 4.152ms
[2021-05-03T16:51:58.055+0200][gc,cpu        ] GC(7) User=0.03s Sys=0.00s Real=0.00s
[2021-05-03T16:59:47.102+0200][gc,start      ] GC(8) Pause Young (Normal) (G1 Evacuation Pause)
[2021-05-03T16:59:47.102+0200][gc,task       ] GC(8) Using 10 workers of 10 for evacuation
[2021-05-03T16:59:47.106+0200][gc,phases     ] GC(8)   Pre Evacuate Collection Set: 0.0ms
[2021-05-03T16:59:47.106+0200][gc,phases     ] GC(8)   Evacuate Collection Set: 2.8ms
[2021-05-03T16:59:47.106+0200][gc,phases     ] GC(8)   Post Evacuate Collection Set: 0.8ms
[2021-05-03T16:59:47.106+0200][gc,phases     ] GC(8)   Other: 0.2ms
[2021-05-03T16:59:47.106+0200][gc,heap       ] GC(8) Eden regions: 46->0(47)
[2021-05-03T16:59:47.106+0200][gc,heap       ] GC(8) Survivor regions: 5->4(7)
[2021-05-03T16:59:47.106+0200][gc,heap       ] GC(8) Old regions: 15->16
[2021-05-03T16:59:47.106+0200][gc,heap       ] GC(8) Humongous regions: 129->129
[2021-05-03T16:59:47.106+0200][gc,metaspace  ] GC(8) Metaspace: 41700K->41700K(1087488K)
[2021-05-03T16:59:47.106+0200][gc            ] GC(8) Pause Young (Normal) (G1 Evacuation Pause) 192M->146M(1024M) 3.889ms
[2021-05-03T16:59:47.106+0200][gc,cpu        ] GC(8) User=0.03s Sys=0.01s Real=0.00s
[2021-05-03T17:06:15.977+0200][gc,start      ] GC(9) Pause Young (Normal) (G1 Evacuation Pause)
[2021-05-03T17:06:15.977+0200][gc,task       ] GC(9) Using 10 workers of 10 for evacuation
[2021-05-03T17:06:15.981+0200][gc,phases     ] GC(9)   Pre Evacuate Collection Set: 0.0ms
[2021-05-03T17:06:15.981+0200][gc,phases     ] GC(9)   Evacuate Collection Set: 2.4ms
[2021-05-03T17:06:15.981+0200][gc,phases     ] GC(9)   Post Evacuate Collection Set: 1.1ms
[2021-05-03T17:06:15.981+0200][gc,phases     ] GC(9)   Other: 0.2ms
[2021-05-03T17:06:15.981+0200][gc,heap       ] GC(9) Eden regions: 47->0(49)
[2021-05-03T17:06:15.981+0200][gc,heap       ] GC(9) Survivor regions: 4->5(7)
[2021-05-03T17:06:15.981+0200][gc,heap       ] GC(9) Old regions: 16->16
[2021-05-03T17:06:15.981+0200][gc,heap       ] GC(9) Humongous regions: 129->129
[2021-05-03T17:06:15.981+0200][gc,metaspace  ] GC(9) Metaspace: 41793K->41793K(1087488K)
[2021-05-03T17:06:15.981+0200][gc            ] GC(9) Pause Young (Normal) (G1 Evacuation Pause) 193M->147M(1024M) 3.834ms
[2021-05-03T17:06:15.981+0200][gc,cpu        ] GC(9) User=0.03s Sys=0.00s Real=0.01s
[2021-05-03T17:12:55.866+0200][gc,start      ] GC(10) Pause Young (Normal) (G1 Evacuation Pause)
[2021-05-03T17:12:55.866+0200][gc,task       ] GC(10) Using 10 workers of 10 for evacuation
[2021-05-03T17:12:55.869+0200][gc,phases     ] GC(10)   Pre Evacuate Collection Set: 0.0ms
[2021-05-03T17:12:55.869+0200][gc,phases     ] GC(10)   Evacuate Collection Set: 1.9ms
[2021-05-03T17:12:55.869+0200][gc,phases     ] GC(10)   Post Evacuate Collection Set: 0.6ms
[2021-05-03T17:12:55.869+0200][gc,phases     ] GC(10)   Other: 0.2ms
[2021-05-03T17:12:55.869+0200][gc,heap       ] GC(10) Eden regions: 49->0(92)
[2021-05-03T17:12:55.869+0200][gc,heap       ] GC(10) Survivor regions: 5->3(7)
[2021-05-03T17:12:55.869+0200][gc,heap       ] GC(10) Old regions: 16->17
[2021-05-03T17:12:55.869+0200][gc,heap       ] GC(10) Humongous regions: 129->129
[2021-05-03T17:12:55.869+0200][gc,metaspace  ] GC(10) Metaspace: 42253K->42253K(1087488K)
[2021-05-03T17:12:55.869+0200][gc            ] GC(10) Pause Young (Normal) (G1 Evacuation Pause) 196M->147M(1024M) 2.879ms
[2021-05-03T17:12:55.869+0200][gc,cpu        ] GC(10) User=0.02s Sys=0.00s Real=0.01s
[2021-05-03T17:25:43.549+0200][gc,start      ] GC(11) Pause Young (Normal) (G1 Evacuation Pause)
[2021-05-03T17:25:43.549+0200][gc,task       ] GC(11) Using 10 workers of 10 for evacuation
[2021-05-03T17:25:43.562+0200][gc,phases     ] GC(11)   Pre Evacuate Collection Set: 0.0ms
[2021-05-03T17:25:43.562+0200][gc,phases     ] GC(11)   Evacuate Collection Set: 9.8ms
[2021-05-03T17:25:43.562+0200][gc,phases     ] GC(11)   Post Evacuate Collection Set: 3.0ms
[2021-05-03T17:25:43.562+0200][gc,phases     ] GC(11)   Other: 0.7ms
[2021-05-03T17:25:43.562+0200][gc,heap       ] GC(11) Eden regions: 92->0(98)
[2021-05-03T17:25:43.562+0200][gc,heap       ] GC(11) Survivor regions: 3->3(12)
[2021-05-03T17:25:43.562+0200][gc,heap       ] GC(11) Old regions: 17->17
[2021-05-03T17:25:43.562+0200][gc,heap       ] GC(11) Humongous regions: 129->129
[2021-05-03T17:25:43.562+0200][gc,metaspace  ] GC(11) Metaspace: 42547K->42547K(1087488K)
[2021-05-03T17:25:43.562+0200][gc            ] GC(11) Pause Young (Normal) (G1 Evacuation Pause) 239M->147M(1024M) 13.798ms
[2021-05-03T17:25:43.562+0200][gc,cpu        ] GC(11) User=0.10s Sys=0.00s Real=0.02s
[2021-05-03T17:39:12.253+0200][gc,start      ] GC(12) Pause Young (Normal) (G1 Evacuation Pause)
[2021-05-03T17:39:12.253+0200][gc,task       ] GC(12) Using 10 workers of 10 for evacuation
[2021-05-03T17:39:12.260+0200][gc,phases     ] GC(12)   Pre Evacuate Collection Set: 0.1ms
[2021-05-03T17:39:12.260+0200][gc,phases     ] GC(12)   Evacuate Collection Set: 5.7ms
[2021-05-03T17:39:12.260+0200][gc,phases     ] GC(12)   Post Evacuate Collection Set: 0.9ms
[2021-05-03T17:39:12.260+0200][gc,phases     ] GC(12)   Other: 0.7ms
[2021-05-03T17:39:12.260+0200][gc,heap       ] GC(12) Eden regions: 98->0(157)
[2021-05-03T17:39:12.260+0200][gc,heap       ] GC(12) Survivor regions: 3->5(13)
[2021-05-03T17:39:12.260+0200][gc,heap       ] GC(12) Old regions: 17->17
[2021-05-03T17:39:12.260+0200][gc,heap       ] GC(12) Humongous regions: 129->129
[2021-05-03T17:39:12.260+0200][gc,metaspace  ] GC(12) Metaspace: 42818K->42818K(1087488K)
[2021-05-03T17:39:12.260+0200][gc            ] GC(12) Pause Young (Normal) (G1 Evacuation Pause) 245M->148M(1024M) 7.375ms
[2021-05-03T17:39:12.260+0200][gc,cpu        ] GC(12) User=0.02s Sys=0.03s Real=0.01s
[2021-05-03T18:02:06.379+0200][gc,start      ] GC(13) Pause Young (Normal) (G1 Evacuation Pause)
[2021-05-03T18:02:06.379+0200][gc,task       ] GC(13) Using 10 workers of 10 for evacuation
[2021-05-03T18:02:06.383+0200][gc,phases     ] GC(13)   Pre Evacuate Collection Set: 0.0ms
[2021-05-03T18:02:06.383+0200][gc,phases     ] GC(13)   Evacuate Collection Set: 3.2ms
[2021-05-03T18:02:06.383+0200][gc,phases     ] GC(13)   Post Evacuate Collection Set: 1.0ms
[2021-05-03T18:02:06.383+0200][gc,phases     ] GC(13)   Other: 0.3ms
[2021-05-03T18:02:06.383+0200][gc,heap       ] GC(13) Eden regions: 157->0(610)
[2021-05-03T18:02:06.383+0200][gc,heap       ] GC(13) Survivor regions: 5->4(21)
[2021-05-03T18:02:06.383+0200][gc,heap       ] GC(13) Old regions: 17->17
[2021-05-03T18:02:06.383+0200][gc,heap       ] GC(13) Humongous regions: 129->129
[2021-05-03T18:02:06.383+0200][gc,metaspace  ] GC(13) Metaspace: 42857K->42857K(1087488K)
[2021-05-03T18:02:06.383+0200][gc            ] GC(13) Pause Young (Normal) (G1 Evacuation Pause) 305M->147M(1024M) 4.592ms
[2021-05-03T18:02:06.383+0200][gc,cpu        ] GC(13) User=0.02s Sys=0.02s Real=0.01s
[2021-05-03T18:03:15.818+0200][gc,heap,exit  ] Heap
[2021-05-03T18:03:15.818+0200][gc,heap,exit  ]  garbage-first heap   total 1048576K, used 173742K [0x00000000c0000000, 0x0000000100000000)
[2021-05-03T18:03:15.818+0200][gc,heap,exit  ]   region size 1024K, 27 young (27648K), 4 survivors (4096K)
[2021-05-03T18:03:15.818+0200][gc,heap,exit  ]  Metaspace       used 43708K, capacity 46528K, committed 46712K, reserved 1089536K
[2021-05-03T18:03:15.818+0200][gc,heap,exit  ]   class space    used 5680K, capacity 6996K, committed 7032K, reserved 1048576K
