[2021-05-03T18:13:25.133+0200][gc,heap] Heap region size: 1M
[2021-05-03T18:13:25.138+0200][gc     ] Using G1
[2021-05-03T18:13:25.139+0200][gc,heap,coops] Heap address: 0x00000000c0000000, size: 1024 MB, Compressed Oops mode: 32-bit
[2021-05-03T18:13:25.139+0200][gc,cds       ] Mark closed archive regions in map: [0x00000000fff00000, 0x00000000fff6aff8]
[2021-05-03T18:13:25.139+0200][gc,cds       ] Mark open archive regions in map: [0x00000000ffe00000, 0x00000000ffe46ff8]
[2021-05-03T18:13:25.764+0200][gc,start     ] GC(0) Pause Young (Normal) (G1 Evacuation Pause)
[2021-05-03T18:13:25.766+0200][gc,task      ] GC(0) Using 10 workers of 10 for evacuation
[2021-05-03T18:13:25.776+0200][gc,phases    ] GC(0)   Pre Evacuate Collection Set: 0.0ms
[2021-05-03T18:13:25.776+0200][gc,phases    ] GC(0)   Evacuate Collection Set: 9.1ms
[2021-05-03T18:13:25.776+0200][gc,phases    ] GC(0)   Post Evacuate Collection Set: 0.7ms
[2021-05-03T18:13:25.776+0200][gc,phases    ] GC(0)   Other: 1.4ms
[2021-05-03T18:13:25.776+0200][gc,heap      ] GC(0) Eden regions: 51->0(44)
[2021-05-03T18:13:25.776+0200][gc,heap      ] GC(0) Survivor regions: 0->7(7)
[2021-05-03T18:13:25.776+0200][gc,heap      ] GC(0) Old regions: 2->2
[2021-05-03T18:13:25.776+0200][gc,heap      ] GC(0) Humongous regions: 0->0
[2021-05-03T18:13:25.776+0200][gc,metaspace ] GC(0) Metaspace: 15413K->15413K(1062912K)
[2021-05-03T18:13:25.776+0200][gc           ] GC(0) Pause Young (Normal) (G1 Evacuation Pause) 51M->7M(1024M) 11.340ms
[2021-05-03T18:13:25.776+0200][gc,cpu       ] GC(0) User=0.02s Sys=0.07s Real=0.01s
[2021-05-03T18:13:26.012+0200][gc,start     ] GC(1) Pause Young (Concurrent Start) (Metadata GC Threshold)
[2021-05-03T18:13:26.012+0200][gc,task      ] GC(1) Using 10 workers of 10 for evacuation
[2021-05-03T18:13:26.018+0200][gc,phases    ] GC(1)   Pre Evacuate Collection Set: 0.0ms
[2021-05-03T18:13:26.018+0200][gc,phases    ] GC(1)   Evacuate Collection Set: 5.7ms
[2021-05-03T18:13:26.018+0200][gc,phases    ] GC(1)   Post Evacuate Collection Set: 0.6ms
[2021-05-03T18:13:26.018+0200][gc,phases    ] GC(1)   Other: 0.2ms
[2021-05-03T18:13:26.018+0200][gc,heap      ] GC(1) Eden regions: 21->0(50)
[2021-05-03T18:13:26.018+0200][gc,heap      ] GC(1) Survivor regions: 7->1(7)
[2021-05-03T18:13:26.018+0200][gc,heap      ] GC(1) Old regions: 2->9
[2021-05-03T18:13:26.018+0200][gc,heap      ] GC(1) Humongous regions: 0->0
[2021-05-03T18:13:26.018+0200][gc,metaspace ] GC(1) Metaspace: 20506K->20506K(1067008K)
[2021-05-03T18:13:26.018+0200][gc           ] GC(1) Pause Young (Concurrent Start) (Metadata GC Threshold) 28M->8M(1024M) 6.531ms
[2021-05-03T18:13:26.018+0200][gc,cpu       ] GC(1) User=0.04s Sys=0.00s Real=0.00s
[2021-05-03T18:13:26.018+0200][gc           ] GC(2) Concurrent Cycle
[2021-05-03T18:13:26.018+0200][gc,marking   ] GC(2) Concurrent Clear Claimed Marks
[2021-05-03T18:13:26.018+0200][gc,marking   ] GC(2) Concurrent Clear Claimed Marks 0.032ms
[2021-05-03T18:13:26.018+0200][gc,marking   ] GC(2) Concurrent Scan Root Regions
[2021-05-03T18:13:26.019+0200][gc,marking   ] GC(2) Concurrent Scan Root Regions 0.739ms
[2021-05-03T18:13:26.019+0200][gc,marking   ] GC(2) Concurrent Mark (0.889s)
[2021-05-03T18:13:26.019+0200][gc,marking   ] GC(2) Concurrent Mark From Roots
[2021-05-03T18:13:26.019+0200][gc,task      ] GC(2) Using 3 workers of 3 for marking
[2021-05-03T18:13:26.025+0200][gc,marking   ] GC(2) Concurrent Mark From Roots 5.901ms
[2021-05-03T18:13:26.025+0200][gc,marking   ] GC(2) Concurrent Preclean
[2021-05-03T18:13:26.025+0200][gc,marking   ] GC(2) Concurrent Preclean 0.105ms
[2021-05-03T18:13:26.025+0200][gc,marking   ] GC(2) Concurrent Mark (0.889s, 0.895s) 6.039ms
[2021-05-03T18:13:26.025+0200][gc,start     ] GC(2) Pause Remark
[2021-05-03T18:13:26.027+0200][gc,stringtable] GC(2) Cleaned string and symbol table, strings: 5030 processed, 0 removed, symbols: 49905 processed, 44 removed
[2021-05-03T18:13:26.027+0200][gc            ] GC(2) Pause Remark 8M->8M(1024M) 1.541ms
[2021-05-03T18:13:26.027+0200][gc,cpu        ] GC(2) User=0.01s Sys=0.00s Real=0.00s
[2021-05-03T18:13:26.027+0200][gc,marking    ] GC(2) Concurrent Rebuild Remembered Sets
[2021-05-03T18:13:26.029+0200][gc,marking    ] GC(2) Concurrent Rebuild Remembered Sets 2.082ms
[2021-05-03T18:13:26.029+0200][gc,start      ] GC(2) Pause Cleanup
[2021-05-03T18:13:26.030+0200][gc            ] GC(2) Pause Cleanup 9M->9M(1024M) 0.235ms
[2021-05-03T18:13:26.030+0200][gc,cpu        ] GC(2) User=0.00s Sys=0.00s Real=0.00s
[2021-05-03T18:13:26.030+0200][gc,marking    ] GC(2) Concurrent Cleanup for Next Mark
[2021-05-03T18:13:26.032+0200][gc,marking    ] GC(2) Concurrent Cleanup for Next Mark 1.832ms
[2021-05-03T18:13:26.032+0200][gc            ] GC(2) Concurrent Cycle 13.314ms
[2021-05-03T18:13:26.638+0200][gc,start      ] GC(3) Pause Young (Normal) (G1 Evacuation Pause)
[2021-05-03T18:13:26.638+0200][gc,task       ] GC(3) Using 10 workers of 10 for evacuation
[2021-05-03T18:13:26.642+0200][gc,phases     ] GC(3)   Pre Evacuate Collection Set: 0.0ms
[2021-05-03T18:13:26.642+0200][gc,phases     ] GC(3)   Evacuate Collection Set: 2.7ms
[2021-05-03T18:13:26.642+0200][gc,phases     ] GC(3)   Post Evacuate Collection Set: 0.7ms
[2021-05-03T18:13:26.642+0200][gc,phases     ] GC(3)   Other: 0.2ms
[2021-05-03T18:13:26.642+0200][gc,heap       ] GC(3) Eden regions: 50->0(46)
[2021-05-03T18:13:26.642+0200][gc,heap       ] GC(3) Survivor regions: 1->5(7)
[2021-05-03T18:13:26.642+0200][gc,heap       ] GC(3) Old regions: 9->9
[2021-05-03T18:13:26.642+0200][gc,heap       ] GC(3) Humongous regions: 129->129
[2021-05-03T18:13:26.642+0200][gc,metaspace  ] GC(3) Metaspace: 29416K->29416K(1075200K)
[2021-05-03T18:13:26.642+0200][gc            ] GC(3) Pause Young (Normal) (G1 Evacuation Pause) 187M->140M(1024M) 3.741ms
[2021-05-03T18:13:26.642+0200][gc,cpu        ] GC(3) User=0.05s Sys=0.00s Real=0.01s
[2021-05-03T18:13:26.861+0200][gc,start      ] GC(4) Pause Young (Concurrent Start) (Metadata GC Threshold)
[2021-05-03T18:13:26.861+0200][gc,task       ] GC(4) Using 10 workers of 10 for evacuation
[2021-05-03T18:13:26.865+0200][gc,phases     ] GC(4)   Pre Evacuate Collection Set: 0.1ms
[2021-05-03T18:13:26.865+0200][gc,phases     ] GC(4)   Evacuate Collection Set: 3.2ms
[2021-05-03T18:13:26.865+0200][gc,phases     ] GC(4)   Post Evacuate Collection Set: 0.4ms
[2021-05-03T18:13:26.865+0200][gc,phases     ] GC(4)   Other: 0.2ms
[2021-05-03T18:13:26.865+0200][gc,heap       ] GC(4) Eden regions: 25->0(44)
[2021-05-03T18:13:26.865+0200][gc,heap       ] GC(4) Survivor regions: 5->7(7)
[2021-05-03T18:13:26.865+0200][gc,heap       ] GC(4) Old regions: 9->9
[2021-05-03T18:13:26.865+0200][gc,heap       ] GC(4) Humongous regions: 129->129
[2021-05-03T18:13:26.865+0200][gc,metaspace  ] GC(4) Metaspace: 34460K->34460K(1081344K)
[2021-05-03T18:13:26.865+0200][gc            ] GC(4) Pause Young (Concurrent Start) (Metadata GC Threshold) 164M->142M(1024M) 3.972ms
[2021-05-03T18:13:26.865+0200][gc,cpu        ] GC(4) User=0.02s Sys=0.01s Real=0.00s
[2021-05-03T18:13:26.865+0200][gc            ] GC(5) Concurrent Cycle
[2021-05-03T18:13:26.865+0200][gc,marking    ] GC(5) Concurrent Clear Claimed Marks
[2021-05-03T18:13:26.866+0200][gc,marking    ] GC(5) Concurrent Clear Claimed Marks 0.049ms
[2021-05-03T18:13:26.866+0200][gc,marking    ] GC(5) Concurrent Scan Root Regions
[2021-05-03T18:13:26.867+0200][gc,marking    ] GC(5) Concurrent Scan Root Regions 1.657ms
[2021-05-03T18:13:26.867+0200][gc,marking    ] GC(5) Concurrent Mark (1.737s)
[2021-05-03T18:13:26.867+0200][gc,marking    ] GC(5) Concurrent Mark From Roots
[2021-05-03T18:13:26.867+0200][gc,task       ] GC(5) Using 3 workers of 3 for marking
[2021-05-03T18:13:26.873+0200][gc,marking    ] GC(5) Concurrent Mark From Roots 5.660ms
[2021-05-03T18:13:26.873+0200][gc,marking    ] GC(5) Concurrent Preclean
[2021-05-03T18:13:26.873+0200][gc,marking    ] GC(5) Concurrent Preclean 0.116ms
[2021-05-03T18:13:26.873+0200][gc,marking    ] GC(5) Concurrent Mark (1.737s, 1.742s) 5.814ms
[2021-05-03T18:13:26.873+0200][gc,start      ] GC(5) Pause Remark
[2021-05-03T18:13:26.875+0200][gc,stringtable] GC(5) Cleaned string and symbol table, strings: 10264 processed, 12 removed, symbols: 82435 processed, 17 removed
[2021-05-03T18:13:26.875+0200][gc            ] GC(5) Pause Remark 143M->143M(1024M) 1.649ms
[2021-05-03T18:13:26.875+0200][gc,cpu        ] GC(5) User=0.01s Sys=0.00s Real=0.00s
[2021-05-03T18:13:26.875+0200][gc,marking    ] GC(5) Concurrent Rebuild Remembered Sets
[2021-05-03T18:13:26.877+0200][gc,marking    ] GC(5) Concurrent Rebuild Remembered Sets 2.268ms
[2021-05-03T18:13:26.878+0200][gc,start      ] GC(5) Pause Cleanup
[2021-05-03T18:13:26.878+0200][gc            ] GC(5) Pause Cleanup 144M->144M(1024M) 0.215ms
[2021-05-03T18:13:26.878+0200][gc,cpu        ] GC(5) User=0.00s Sys=0.00s Real=0.00s
[2021-05-03T18:13:26.878+0200][gc,marking    ] GC(5) Concurrent Cleanup for Next Mark
[2021-05-03T18:13:26.880+0200][gc,marking    ] GC(5) Concurrent Cleanup for Next Mark 2.274ms
[2021-05-03T18:13:26.880+0200][gc            ] GC(5) Concurrent Cycle 14.814ms
[2021-05-03T18:15:37.335+0200][gc,start      ] GC(6) Pause Young (Normal) (G1 Evacuation Pause)
[2021-05-03T18:15:37.335+0200][gc,task       ] GC(6) Using 10 workers of 10 for evacuation
[2021-05-03T18:15:37.344+0200][gc,phases     ] GC(6)   Pre Evacuate Collection Set: 0.1ms
[2021-05-03T18:15:37.344+0200][gc,phases     ] GC(6)   Evacuate Collection Set: 7.6ms
[2021-05-03T18:15:37.344+0200][gc,phases     ] GC(6)   Post Evacuate Collection Set: 0.9ms
[2021-05-03T18:15:37.344+0200][gc,phases     ] GC(6)   Other: 0.5ms
[2021-05-03T18:15:37.344+0200][gc,heap       ] GC(6) Eden regions: 44->0(46)
[2021-05-03T18:15:37.344+0200][gc,heap       ] GC(6) Survivor regions: 7->5(7)
[2021-05-03T18:15:37.344+0200][gc,heap       ] GC(6) Old regions: 9->13
[2021-05-03T18:15:37.344+0200][gc,heap       ] GC(6) Humongous regions: 135->129
[2021-05-03T18:15:37.344+0200][gc,metaspace  ] GC(6) Metaspace: 41513K->41513K(1087488K)
[2021-05-03T18:15:37.344+0200][gc            ] GC(6) Pause Young (Normal) (G1 Evacuation Pause) 192M->144M(1024M) 9.100ms
[2021-05-03T18:15:37.344+0200][gc,cpu        ] GC(6) User=0.08s Sys=0.00s Real=0.01s
[2021-05-03T18:25:15.886+0200][gc,start      ] GC(7) Pause Young (Normal) (G1 Evacuation Pause)
[2021-05-03T18:25:15.886+0200][gc,task       ] GC(7) Using 10 workers of 10 for evacuation
[2021-05-03T18:25:15.892+0200][gc,phases     ] GC(7)   Pre Evacuate Collection Set: 0.0ms
[2021-05-03T18:25:15.892+0200][gc,phases     ] GC(7)   Evacuate Collection Set: 4.6ms
[2021-05-03T18:25:15.892+0200][gc,phases     ] GC(7)   Post Evacuate Collection Set: 1.1ms
[2021-05-03T18:25:15.892+0200][gc,phases     ] GC(7)   Other: 0.3ms
[2021-05-03T18:25:15.892+0200][gc,heap       ] GC(7) Eden regions: 46->0(46)
[2021-05-03T18:25:15.892+0200][gc,heap       ] GC(7) Survivor regions: 5->5(7)
[2021-05-03T18:25:15.892+0200][gc,heap       ] GC(7) Old regions: 13->15
[2021-05-03T18:25:15.892+0200][gc,heap       ] GC(7) Humongous regions: 129->129
[2021-05-03T18:25:15.892+0200][gc,metaspace  ] GC(7) Metaspace: 42921K->42921K(1087488K)
[2021-05-03T18:25:15.892+0200][gc            ] GC(7) Pause Young (Normal) (G1 Evacuation Pause) 190M->146M(1024M) 6.056ms
[2021-05-03T18:25:15.892+0200][gc,cpu        ] GC(7) User=0.05s Sys=0.00s Real=0.01s
[2021-05-03T18:36:20.587+0200][gc,start      ] GC(8) Pause Young (Normal) (G1 Evacuation Pause)
[2021-05-03T18:36:20.587+0200][gc,task       ] GC(8) Using 10 workers of 10 for evacuation
[2021-05-03T18:36:20.593+0200][gc,phases     ] GC(8)   Pre Evacuate Collection Set: 0.1ms
[2021-05-03T18:36:20.594+0200][gc,phases     ] GC(8)   Evacuate Collection Set: 5.3ms
[2021-05-03T18:36:20.594+0200][gc,phases     ] GC(8)   Post Evacuate Collection Set: 0.7ms
[2021-05-03T18:36:20.594+0200][gc,phases     ] GC(8)   Other: 0.6ms
[2021-05-03T18:36:20.594+0200][gc,heap       ] GC(8) Eden regions: 46->0(48)
[2021-05-03T18:36:20.594+0200][gc,heap       ] GC(8) Survivor regions: 5->3(7)
[2021-05-03T18:36:20.594+0200][gc,heap       ] GC(8) Old regions: 15->17
[2021-05-03T18:36:20.594+0200][gc,heap       ] GC(8) Humongous regions: 129->129
[2021-05-03T18:36:20.594+0200][gc,metaspace  ] GC(8) Metaspace: 43033K->43033K(1087488K)
[2021-05-03T18:36:20.594+0200][gc            ] GC(8) Pause Young (Normal) (G1 Evacuation Pause) 192M->146M(1024M) 6.652ms
[2021-05-03T18:36:20.594+0200][gc,cpu        ] GC(8) User=0.05s Sys=0.00s Real=0.01s
[2021-05-03T18:48:22.099+0200][gc,start      ] GC(9) Pause Young (Normal) (G1 Evacuation Pause)
[2021-05-03T18:48:22.100+0200][gc,task       ] GC(9) Using 10 workers of 10 for evacuation
[2021-05-03T18:48:22.107+0200][gc,phases     ] GC(9)   Pre Evacuate Collection Set: 0.1ms
[2021-05-03T18:48:22.107+0200][gc,phases     ] GC(9)   Evacuate Collection Set: 6.1ms
[2021-05-03T18:48:22.107+0200][gc,phases     ] GC(9)   Post Evacuate Collection Set: 0.9ms
[2021-05-03T18:48:22.107+0200][gc,phases     ] GC(9)   Other: 0.6ms
[2021-05-03T18:48:22.107+0200][gc,heap       ] GC(9) Eden regions: 48->0(47)
[2021-05-03T18:48:22.107+0200][gc,heap       ] GC(9) Survivor regions: 3->4(7)
[2021-05-03T18:48:22.107+0200][gc,heap       ] GC(9) Old regions: 17->17
[2021-05-03T18:48:22.107+0200][gc,heap       ] GC(9) Humongous regions: 129->129
[2021-05-03T18:48:22.107+0200][gc,metaspace  ] GC(9) Metaspace: 43098K->43098K(1089536K)
[2021-05-03T18:48:22.107+0200][gc            ] GC(9) Pause Young (Normal) (G1 Evacuation Pause) 194M->147M(1024M) 7.687ms
[2021-05-03T18:48:22.107+0200][gc,cpu        ] GC(9) User=0.05s Sys=0.02s Real=0.00s
[2021-05-03T19:39:18.555+0200][gc,start      ] GC(10) Pause Young (Normal) (G1 Evacuation Pause)
[2021-05-03T19:39:18.555+0200][gc,task       ] GC(10) Using 10 workers of 10 for evacuation
[2021-05-03T19:39:18.558+0200][gc,phases     ] GC(10)   Pre Evacuate Collection Set: 0.0ms
[2021-05-03T19:39:18.558+0200][gc,phases     ] GC(10)   Evacuate Collection Set: 1.7ms
[2021-05-03T19:39:18.558+0200][gc,phases     ] GC(10)   Post Evacuate Collection Set: 0.9ms
[2021-05-03T19:39:18.558+0200][gc,phases     ] GC(10)   Other: 0.2ms
[2021-05-03T19:39:18.558+0200][gc,heap       ] GC(10) Eden regions: 47->0(65)
[2021-05-03T19:39:18.558+0200][gc,heap       ] GC(10) Survivor regions: 4->4(7)
[2021-05-03T19:39:18.558+0200][gc,heap       ] GC(10) Old regions: 17->17
[2021-05-03T19:39:18.558+0200][gc,heap       ] GC(10) Humongous regions: 129->129
[2021-05-03T19:39:18.558+0200][gc,metaspace  ] GC(10) Metaspace: 43164K->43164K(1089536K)
[2021-05-03T19:39:18.558+0200][gc            ] GC(10) Pause Young (Normal) (G1 Evacuation Pause) 194M->147M(1024M) 2.871ms
[2021-05-03T19:39:18.558+0200][gc,cpu        ] GC(10) User=0.02s Sys=0.01s Real=0.00s
[2021-05-03T19:55:32.323+0200][gc,start      ] GC(11) Pause Young (Normal) (G1 Evacuation Pause)
[2021-05-03T19:55:32.323+0200][gc,task       ] GC(11) Using 10 workers of 10 for evacuation
[2021-05-03T19:55:32.326+0200][gc,phases     ] GC(11)   Pre Evacuate Collection Set: 0.0ms
[2021-05-03T19:55:32.327+0200][gc,phases     ] GC(11)   Evacuate Collection Set: 2.5ms
[2021-05-03T19:55:32.327+0200][gc,phases     ] GC(11)   Post Evacuate Collection Set: 0.9ms
[2021-05-03T19:55:32.327+0200][gc,phases     ] GC(11)   Other: 0.2ms
[2021-05-03T19:55:32.327+0200][gc,heap       ] GC(11) Eden regions: 65->0(108)
[2021-05-03T19:55:32.327+0200][gc,heap       ] GC(11) Survivor regions: 4->5(9)
[2021-05-03T19:55:32.327+0200][gc,heap       ] GC(11) Old regions: 17->17
[2021-05-03T19:55:32.327+0200][gc,heap       ] GC(11) Humongous regions: 129->129
[2021-05-03T19:55:32.327+0200][gc,metaspace  ] GC(11) Metaspace: 43274K->43274K(1089536K)
[2021-05-03T19:55:32.327+0200][gc            ] GC(11) Pause Young (Normal) (G1 Evacuation Pause) 212M->148M(1024M) 3.701ms
[2021-05-03T19:55:32.327+0200][gc,cpu        ] GC(11) User=0.03s Sys=0.00s Real=0.01s
[2021-05-04T09:06:02.845+0200][gc,start      ] GC(12) Pause Young (Normal) (G1 Evacuation Pause)
[2021-05-04T09:06:02.845+0200][gc,task       ] GC(12) Using 10 workers of 10 for evacuation
[2021-05-04T09:06:02.848+0200][gc,phases     ] GC(12)   Pre Evacuate Collection Set: 0.0ms
[2021-05-04T09:06:02.848+0200][gc,phases     ] GC(12)   Evacuate Collection Set: 1.7ms
[2021-05-04T09:06:02.848+0200][gc,phases     ] GC(12)   Post Evacuate Collection Set: 0.9ms
[2021-05-04T09:06:02.848+0200][gc,phases     ] GC(12)   Other: 0.2ms
[2021-05-04T09:06:02.848+0200][gc,heap       ] GC(12) Eden regions: 108->0(611)
[2021-05-04T09:06:02.848+0200][gc,heap       ] GC(12) Survivor regions: 5->3(15)
[2021-05-04T09:06:02.848+0200][gc,heap       ] GC(12) Old regions: 17->17
[2021-05-04T09:06:02.848+0200][gc,heap       ] GC(12) Humongous regions: 129->129
[2021-05-04T09:06:02.848+0200][gc,metaspace  ] GC(12) Metaspace: 43366K->43366K(1089536K)
[2021-05-04T09:06:02.848+0200][gc            ] GC(12) Pause Young (Normal) (G1 Evacuation Pause) 256M->146M(1024M) 2.805ms
[2021-05-04T09:06:02.848+0200][gc,cpu        ] GC(12) User=0.01s Sys=0.00s Real=0.00s
[2021-05-04T11:39:23.479+0200][gc,start      ] GC(13) Pause Young (Normal) (G1 Evacuation Pause)
[2021-05-04T11:39:23.479+0200][gc,task       ] GC(13) Using 10 workers of 10 for evacuation
[2021-05-04T11:39:23.484+0200][gc,phases     ] GC(13)   Pre Evacuate Collection Set: 0.0ms
[2021-05-04T11:39:23.484+0200][gc,phases     ] GC(13)   Evacuate Collection Set: 3.9ms
[2021-05-04T11:39:23.484+0200][gc,phases     ] GC(13)   Post Evacuate Collection Set: 1.1ms
[2021-05-04T11:39:23.484+0200][gc,phases     ] GC(13)   Other: 0.2ms
[2021-05-04T11:39:23.484+0200][gc,heap       ] GC(13) Eden regions: 611->0(610)
[2021-05-04T11:39:23.484+0200][gc,heap       ] GC(13) Survivor regions: 3->4(77)
[2021-05-04T11:39:23.484+0200][gc,heap       ] GC(13) Old regions: 17->17
[2021-05-04T11:39:23.484+0200][gc,heap       ] GC(13) Humongous regions: 129->129
[2021-05-04T11:39:23.484+0200][gc,metaspace  ] GC(13) Metaspace: 43623K->43623K(1089536K)
[2021-05-04T11:39:23.484+0200][gc            ] GC(13) Pause Young (Normal) (G1 Evacuation Pause) 757M->147M(1024M) 5.268ms
[2021-05-04T11:39:23.484+0200][gc,cpu        ] GC(13) User=0.02s Sys=0.01s Real=0.00s
[2021-05-04T14:43:08.767+0200][gc,start      ] GC(14) Pause Young (Normal) (G1 Evacuation Pause)
[2021-05-04T14:43:08.767+0200][gc,task       ] GC(14) Using 10 workers of 10 for evacuation
[2021-05-04T14:43:08.778+0200][gc,phases     ] GC(14)   Pre Evacuate Collection Set: 0.0ms
[2021-05-04T14:43:08.778+0200][gc,phases     ] GC(14)   Evacuate Collection Set: 7.1ms
[2021-05-04T14:43:08.778+0200][gc,phases     ] GC(14)   Post Evacuate Collection Set: 2.5ms
[2021-05-04T14:43:08.778+0200][gc,phases     ] GC(14)   Other: 0.7ms
[2021-05-04T14:43:08.778+0200][gc,heap       ] GC(14) Eden regions: 610->0(611)
[2021-05-04T14:43:08.778+0200][gc,heap       ] GC(14) Survivor regions: 4->3(77)
[2021-05-04T14:43:08.778+0200][gc,heap       ] GC(14) Old regions: 17->17
[2021-05-04T14:43:08.778+0200][gc,heap       ] GC(14) Humongous regions: 129->129
[2021-05-04T14:43:08.778+0200][gc,metaspace  ] GC(14) Metaspace: 44596K->44596K(1089536K)
[2021-05-04T14:43:08.778+0200][gc            ] GC(14) Pause Young (Normal) (G1 Evacuation Pause) 757M->146M(1024M) 10.396ms
[2021-05-04T14:43:08.778+0200][gc,cpu        ] GC(14) User=0.08s Sys=0.00s Real=0.01s
