[2021-05-03T18:13:12.675+0200][gc,heap] Heap region size: 1M
[2021-05-03T18:13:12.679+0200][gc     ] Using G1
[2021-05-03T18:13:12.679+0200][gc,heap,coops] Heap address: 0x00000000e0000000, size: 512 MB, Compressed Oops mode: 32-bit
[2021-05-03T18:13:12.679+0200][gc,cds       ] Mark closed archive regions in map: [0x00000000fff00000, 0x00000000fff6aff8]
[2021-05-03T18:13:12.679+0200][gc,cds       ] Mark open archive regions in map: [0x00000000ffe00000, 0x00000000ffe46ff8]
[2021-05-03T18:13:25.717+0200][gc,start     ] GC(0) Pause Young (Normal) (G1 Evacuation Pause)
[2021-05-03T18:13:25.718+0200][gc,task      ] GC(0) Using 10 workers of 10 for evacuation
[2021-05-03T18:13:25.729+0200][gc,phases    ] GC(0)   Pre Evacuate Collection Set: 0.0ms
[2021-05-03T18:13:25.729+0200][gc,phases    ] GC(0)   Evacuate Collection Set: 10.1ms
[2021-05-03T18:13:25.729+0200][gc,phases    ] GC(0)   Post Evacuate Collection Set: 0.6ms
[2021-05-03T18:13:25.729+0200][gc,phases    ] GC(0)   Other: 1.4ms
[2021-05-03T18:13:25.729+0200][gc,heap      ] GC(0) Eden regions: 25->0(21)
[2021-05-03T18:13:25.729+0200][gc,heap      ] GC(0) Survivor regions: 0->4(4)
[2021-05-03T18:13:25.729+0200][gc,heap      ] GC(0) Old regions: 2->4
[2021-05-03T18:13:25.729+0200][gc,heap      ] GC(0) Humongous regions: 0->0
[2021-05-03T18:13:25.729+0200][gc,metaspace ] GC(0) Metaspace: 7686K->7686K(1056768K)
[2021-05-03T18:13:25.729+0200][gc           ] GC(0) Pause Young (Normal) (G1 Evacuation Pause) 25M->6M(512M) 12.070ms
[2021-05-03T18:13:25.729+0200][gc,cpu       ] GC(0) User=0.00s Sys=0.10s Real=0.02s
[2021-05-04T10:58:25.419+0200][gc,start     ] GC(1) Pause Young (Normal) (G1 Evacuation Pause)
[2021-05-04T10:58:25.419+0200][gc,task      ] GC(1) Using 10 workers of 10 for evacuation
[2021-05-04T10:58:25.426+0200][gc,phases    ] GC(1)   Pre Evacuate Collection Set: 0.0ms
[2021-05-04T10:58:25.426+0200][gc,phases    ] GC(1)   Evacuate Collection Set: 7.0ms
[2021-05-04T10:58:25.426+0200][gc,phases    ] GC(1)   Post Evacuate Collection Set: 0.5ms
[2021-05-04T10:58:25.426+0200][gc,phases    ] GC(1)   Other: 0.1ms
[2021-05-04T10:58:25.426+0200][gc,heap      ] GC(1) Eden regions: 21->0(24)
[2021-05-04T10:58:25.426+0200][gc,heap      ] GC(1) Survivor regions: 4->1(4)
[2021-05-04T10:58:25.426+0200][gc,heap      ] GC(1) Old regions: 4->8
[2021-05-04T10:58:25.426+0200][gc,heap      ] GC(1) Humongous regions: 0->0
[2021-05-04T10:58:25.426+0200][gc,metaspace ] GC(1) Metaspace: 8426K->8426K(1056768K)
[2021-05-04T10:58:25.426+0200][gc           ] GC(1) Pause Young (Normal) (G1 Evacuation Pause) 27M->6M(512M) 7.716ms
[2021-05-04T10:58:25.426+0200][gc,cpu       ] GC(1) User=0.04s Sys=0.03s Real=0.00s
[2021-05-04T15:54:19.461+0200][gc,start     ] GC(2) Pause Young (Normal) (G1 Evacuation Pause)
[2021-05-04T15:54:19.461+0200][gc,task      ] GC(2) Using 10 workers of 10 for evacuation
[2021-05-04T15:54:19.462+0200][gc,phases    ] GC(2)   Pre Evacuate Collection Set: 0.0ms
[2021-05-04T15:54:19.462+0200][gc,phases    ] GC(2)   Evacuate Collection Set: 0.8ms
[2021-05-04T15:54:19.462+0200][gc,phases    ] GC(2)   Post Evacuate Collection Set: 0.4ms
[2021-05-04T15:54:19.462+0200][gc,phases    ] GC(2)   Other: 0.1ms
[2021-05-04T15:54:19.462+0200][gc,heap      ] GC(2) Eden regions: 24->0(24)
[2021-05-04T15:54:19.462+0200][gc,heap      ] GC(2) Survivor regions: 1->1(4)
[2021-05-04T15:54:19.462+0200][gc,heap      ] GC(2) Old regions: 8->8
[2021-05-04T15:54:19.462+0200][gc,heap      ] GC(2) Humongous regions: 0->0
[2021-05-04T15:54:19.462+0200][gc,metaspace ] GC(2) Metaspace: 8493K->8493K(1056768K)
[2021-05-04T15:54:19.462+0200][gc           ] GC(2) Pause Young (Normal) (G1 Evacuation Pause) 30M->6M(512M) 1.375ms
[2021-05-04T15:54:19.462+0200][gc,cpu       ] GC(2) User=0.01s Sys=0.00s Real=0.00s
[2021-05-04T20:02:43.074+0200][gc,heap,exit ] Heap
[2021-05-04T20:02:43.074+0200][gc,heap,exit ]  garbage-first heap   total 524288K, used 26460K [0x00000000e0000000, 0x0000000100000000)
[2021-05-04T20:02:43.074+0200][gc,heap,exit ]   region size 1024K, 21 young (21504K), 1 survivors (1024K)
[2021-05-04T20:02:43.074+0200][gc,heap,exit ]  Metaspace       used 8523K, capacity 8851K, committed 8960K, reserved 1056768K
[2021-05-04T20:02:43.074+0200][gc,heap,exit ]   class space    used 904K, capacity 1015K, committed 1024K, reserved 1048576K
