[2021-04-28T16:32:49.937+0200][gc,heap] Heap region size: 1M
[2021-04-28T16:32:49.940+0200][gc     ] Using G1
[2021-04-28T16:32:49.940+0200][gc,heap,coops] Heap address: 0x00000000e0000000, size: 512 MB, Compressed Oops mode: 32-bit
[2021-04-28T16:32:49.941+0200][gc,cds       ] Mark closed archive regions in map: [0x00000000fff00000, 0x00000000fff6aff8]
[2021-04-28T16:32:49.941+0200][gc,cds       ] Mark open archive regions in map: [0x00000000ffe00000, 0x00000000ffe46ff8]
[2021-04-28T16:33:11.998+0200][gc,start     ] GC(0) Pause Young (Normal) (G1 Evacuation Pause)
[2021-04-28T16:33:12.002+0200][gc,task      ] GC(0) Using 10 workers of 10 for evacuation
[2021-04-28T16:33:12.019+0200][gc,phases    ] GC(0)   Pre Evacuate Collection Set: 0.0ms
[2021-04-28T16:33:12.019+0200][gc,phases    ] GC(0)   Evacuate Collection Set: 15.7ms
[2021-04-28T16:33:12.019+0200][gc,phases    ] GC(0)   Post Evacuate Collection Set: 0.8ms
[2021-04-28T16:33:12.019+0200][gc,phases    ] GC(0)   Other: 3.7ms
[2021-04-28T16:33:12.019+0200][gc,heap      ] GC(0) Eden regions: 25->0(21)
[2021-04-28T16:33:12.019+0200][gc,heap      ] GC(0) Survivor regions: 0->4(4)
[2021-04-28T16:33:12.019+0200][gc,heap      ] GC(0) Old regions: 2->4
[2021-04-28T16:33:12.019+0200][gc,heap      ] GC(0) Humongous regions: 0->0
[2021-04-28T16:33:12.019+0200][gc,metaspace ] GC(0) Metaspace: 7698K->7698K(1056768K)
[2021-04-28T16:33:12.019+0200][gc           ] GC(0) Pause Young (Normal) (G1 Evacuation Pause) 25M->6M(512M) 20.287ms
[2021-04-28T16:33:12.019+0200][gc,cpu       ] GC(0) User=0.14s Sys=0.03s Real=0.02s
[2021-04-28T16:44:17.140+0200][gc,heap,exit ] Heap
[2021-04-28T16:44:17.140+0200][gc,heap,exit ]  garbage-first heap   total 524288K, used 12321K [0x00000000e0000000, 0x0000000100000000)
[2021-04-28T16:44:17.140+0200][gc,heap,exit ]   region size 1024K, 11 young (11264K), 4 survivors (4096K)
[2021-04-28T16:44:17.140+0200][gc,heap,exit ]  Metaspace       used 8252K, capacity 8531K, committed 8704K, reserved 1056768K
[2021-04-28T16:44:17.140+0200][gc,heap,exit ]   class space    used 903K, capacity 1015K, committed 1024K, reserved 1048576K
