[2021-05-05T10:18:43.807+0200][gc,heap] Heap region size: 1M
[2021-05-05T10:18:43.811+0200][gc     ] Using G1
[2021-05-05T10:18:43.811+0200][gc,heap,coops] Heap address: 0x00000000e0000000, size: 512 MB, Compressed Oops mode: 32-bit
[2021-05-05T10:18:43.811+0200][gc,cds       ] Mark closed archive regions in map: [0x00000000fff00000, 0x00000000fff6aff8]
[2021-05-05T10:18:43.811+0200][gc,cds       ] Mark open archive regions in map: [0x00000000ffe00000, 0x00000000ffe46ff8]
[2021-05-05T10:18:59.802+0200][gc,start     ] GC(0) Pause Young (Normal) (G1 Evacuation Pause)
[2021-05-05T10:18:59.803+0200][gc,task      ] GC(0) Using 10 workers of 10 for evacuation
[2021-05-05T10:18:59.815+0200][gc,phases    ] GC(0)   Pre Evacuate Collection Set: 0.0ms
[2021-05-05T10:18:59.815+0200][gc,phases    ] GC(0)   Evacuate Collection Set: 11.3ms
[2021-05-05T10:18:59.815+0200][gc,phases    ] GC(0)   Post Evacuate Collection Set: 0.6ms
[2021-05-05T10:18:59.815+0200][gc,phases    ] GC(0)   Other: 1.4ms
[2021-05-05T10:18:59.815+0200][gc,heap      ] GC(0) Eden regions: 25->0(21)
[2021-05-05T10:18:59.815+0200][gc,heap      ] GC(0) Survivor regions: 0->4(4)
[2021-05-05T10:18:59.815+0200][gc,heap      ] GC(0) Old regions: 2->4
[2021-05-05T10:18:59.815+0200][gc,heap      ] GC(0) Humongous regions: 0->0
[2021-05-05T10:18:59.815+0200][gc,metaspace ] GC(0) Metaspace: 7683K->7683K(1056768K)
[2021-05-05T10:18:59.815+0200][gc           ] GC(0) Pause Young (Normal) (G1 Evacuation Pause) 25M->6M(512M) 13.292ms
[2021-05-05T10:18:59.815+0200][gc,cpu       ] GC(0) User=0.10s Sys=0.02s Real=0.01s
[2021-05-05T12:29:00.657+0200][gc,heap,exit ] Heap
[2021-05-05T12:29:00.658+0200][gc,heap,exit ]  garbage-first heap   total 524288K, used 18569K [0x00000000e0000000, 0x0000000100000000)
[2021-05-05T12:29:00.658+0200][gc,heap,exit ]   region size 1024K, 17 young (17408K), 4 survivors (4096K)
[2021-05-05T12:29:00.658+0200][gc,heap,exit ]  Metaspace       used 8508K, capacity 8883K, committed 9088K, reserved 1056768K
[2021-05-05T12:29:00.658+0200][gc,heap,exit ]   class space    used 913K, capacity 1047K, committed 1152K, reserved 1048576K
