[2021-05-05T13:40:36.591+0200][gc,heap] Heap region size: 1M
[2021-05-05T13:40:36.595+0200][gc     ] Using G1
[2021-05-05T13:40:36.595+0200][gc,heap,coops] Heap address: 0x00000000e0000000, size: 512 MB, Compressed Oops mode: 32-bit
[2021-05-05T13:40:36.595+0200][gc,cds       ] Mark closed archive regions in map: [0x00000000fff00000, 0x00000000fff6aff8]
[2021-05-05T13:40:36.595+0200][gc,cds       ] Mark open archive regions in map: [0x00000000ffe00000, 0x00000000ffe46ff8]
[2021-05-05T13:40:56.012+0200][gc,start     ] GC(0) Pause Young (Normal) (G1 Evacuation Pause)
[2021-05-05T13:40:56.013+0200][gc,task      ] GC(0) Using 10 workers of 10 for evacuation
[2021-05-05T13:40:56.023+0200][gc,phases    ] GC(0)   Pre Evacuate Collection Set: 0.0ms
[2021-05-05T13:40:56.023+0200][gc,phases    ] GC(0)   Evacuate Collection Set: 10.1ms
[2021-05-05T13:40:56.023+0200][gc,phases    ] GC(0)   Post Evacuate Collection Set: 0.5ms
[2021-05-05T13:40:56.023+0200][gc,phases    ] GC(0)   Other: 0.9ms
[2021-05-05T13:40:56.023+0200][gc,heap      ] GC(0) Eden regions: 25->0(21)
[2021-05-05T13:40:56.023+0200][gc,heap      ] GC(0) Survivor regions: 0->4(4)
[2021-05-05T13:40:56.023+0200][gc,heap      ] GC(0) Old regions: 2->4
[2021-05-05T13:40:56.023+0200][gc,heap      ] GC(0) Humongous regions: 0->0
[2021-05-05T13:40:56.023+0200][gc,metaspace ] GC(0) Metaspace: 7635K->7635K(1056768K)
[2021-05-05T13:40:56.023+0200][gc           ] GC(0) Pause Young (Normal) (G1 Evacuation Pause) 25M->6M(512M) 11.654ms
[2021-05-05T13:40:56.023+0200][gc,cpu       ] GC(0) User=0.09s Sys=0.00s Real=0.01s
[2021-05-05T16:52:18.722+0200][gc,start     ] GC(1) Pause Young (Normal) (G1 Evacuation Pause)
[2021-05-05T16:52:18.722+0200][gc,task      ] GC(1) Using 10 workers of 10 for evacuation
[2021-05-05T16:52:18.737+0200][gc,phases    ] GC(1)   Pre Evacuate Collection Set: 0.0ms
[2021-05-05T16:52:18.737+0200][gc,phases    ] GC(1)   Evacuate Collection Set: 13.5ms
[2021-05-05T16:52:18.737+0200][gc,phases    ] GC(1)   Post Evacuate Collection Set: 1.2ms
[2021-05-05T16:52:18.737+0200][gc,phases    ] GC(1)   Other: 0.5ms
[2021-05-05T16:52:18.737+0200][gc,heap      ] GC(1) Eden regions: 21->0(24)
[2021-05-05T16:52:18.737+0200][gc,heap      ] GC(1) Survivor regions: 4->1(4)
[2021-05-05T16:52:18.737+0200][gc,heap      ] GC(1) Old regions: 4->8
[2021-05-05T16:52:18.737+0200][gc,heap      ] GC(1) Humongous regions: 0->0
[2021-05-05T16:52:18.737+0200][gc,metaspace ] GC(1) Metaspace: 8482K->8482K(1056768K)
[2021-05-05T16:52:18.737+0200][gc           ] GC(1) Pause Young (Normal) (G1 Evacuation Pause) 27M->6M(512M) 15.370ms
[2021-05-05T16:52:18.737+0200][gc,cpu       ] GC(1) User=0.10s Sys=0.04s Real=0.01s
