[2021-04-28T16:08:08.781+0200][gc,heap] Heap region size: 1M
[2021-04-28T16:08:08.786+0200][gc     ] Using G1
[2021-04-28T16:08:08.786+0200][gc,heap,coops] Heap address: 0x00000000e0000000, size: 512 MB, Compressed Oops mode: 32-bit
[2021-04-28T16:08:08.786+0200][gc,cds       ] Mark closed archive regions in map: [0x00000000fff00000, 0x00000000fff6aff8]
[2021-04-28T16:08:08.786+0200][gc,cds       ] Mark open archive regions in map: [0x00000000ffe00000, 0x00000000ffe46ff8]
[2021-04-28T16:08:09.546+0200][gc,start     ] GC(0) Pause Young (Normal) (G1 Evacuation Pause)
[2021-04-28T16:08:09.550+0200][gc,task      ] GC(0) Using 10 workers of 10 for evacuation
[2021-04-28T16:08:09.563+0200][gc,phases    ] GC(0)   Pre Evacuate Collection Set: 0.0ms
[2021-04-28T16:08:09.563+0200][gc,phases    ] GC(0)   Evacuate Collection Set: 12.4ms
[2021-04-28T16:08:09.563+0200][gc,phases    ] GC(0)   Post Evacuate Collection Set: 0.8ms
[2021-04-28T16:08:09.563+0200][gc,phases    ] GC(0)   Other: 3.6ms
[2021-04-28T16:08:09.563+0200][gc,heap      ] GC(0) Eden regions: 25->0(21)
[2021-04-28T16:08:09.563+0200][gc,heap      ] GC(0) Survivor regions: 0->4(4)
[2021-04-28T16:08:09.563+0200][gc,heap      ] GC(0) Old regions: 2->4
[2021-04-28T16:08:09.563+0200][gc,heap      ] GC(0) Humongous regions: 0->0
[2021-04-28T16:08:09.563+0200][gc,metaspace ] GC(0) Metaspace: 7687K->7687K(1056768K)
[2021-04-28T16:08:09.563+0200][gc           ] GC(0) Pause Young (Normal) (G1 Evacuation Pause) 25M->6M(512M) 17.037ms
[2021-04-28T16:08:09.563+0200][gc,cpu       ] GC(0) User=0.06s Sys=0.07s Real=0.02s
[2021-04-28T16:13:07.813+0200][gc,heap,exit ] Heap
[2021-04-28T16:13:07.813+0200][gc,heap,exit ]  garbage-first heap   total 524288K, used 16699K [0x00000000e0000000, 0x0000000100000000)
[2021-04-28T16:13:07.813+0200][gc,heap,exit ]   region size 1024K, 15 young (15360K), 4 survivors (4096K)
[2021-04-28T16:13:07.813+0200][gc,heap,exit ]  Metaspace       used 8480K, capacity 8787K, committed 8960K, reserved 1056768K
[2021-04-28T16:13:07.813+0200][gc,heap,exit ]   class space    used 904K, capacity 1015K, committed 1024K, reserved 1048576K
